Component: ARM Compiler 5.06 update 6 (build 750) Tool: armlink [4d35ed]

==============================================================================

Section Cross References

    startup_stm32l412xx.o(RESET) refers to startup_stm32l412xx.o(STACK) for __initial_sp
    startup_stm32l412xx.o(RESET) refers to startup_stm32l412xx.o(.text) for Reset_Handler
    startup_stm32l412xx.o(RESET) refers to stm32l4xx_it.o(i.NMI_Handler) for NMI_Handler
    startup_stm32l412xx.o(RESET) refers to stm32l4xx_it.o(i.HardFault_Handler) for HardFault_Handler
    startup_stm32l412xx.o(RESET) refers to stm32l4xx_it.o(i.MemManage_Handler) for MemManage_Handler
    startup_stm32l412xx.o(RESET) refers to stm32l4xx_it.o(i.BusFault_Handler) for BusFault_Handler
    startup_stm32l412xx.o(RESET) refers to stm32l4xx_it.o(i.UsageFault_Handler) for UsageFault_Handler
    startup_stm32l412xx.o(RESET) refers to port.o(.emb_text) for SVC_Handler
    startup_stm32l412xx.o(RESET) refers to stm32l4xx_it.o(i.DebugMon_Handler) for DebugMon_Handler
    startup_stm32l412xx.o(RESET) refers to stm32l4xx_it.o(i.SysTick_Handler) for SysTick_Handler
    startup_stm32l412xx.o(RESET) refers to stm32l4xx_it.o(i.TIM1_UP_TIM16_IRQHandler) for TIM1_UP_TIM16_IRQHandler
    startup_stm32l412xx.o(RESET) refers to stm32l4xx_it.o(i.USART1_IRQHandler) for USART1_IRQHandler
    startup_stm32l412xx.o(RESET) refers to stm32l4xx_it.o(i.FPU_IRQHandler) for FPU_IRQHandler
    startup_stm32l412xx.o(.text) refers to system_stm32l4xx.o(i.SystemInit) for SystemInit
    startup_stm32l412xx.o(.text) refers to entry.o(.ARM.Collect$$$$00000000) for __main
    main.o(i.Check_OK) refers to main.o(.data) for .data
    main.o(i.HAL_TIM_PeriodElapsedCallback) refers to stm32l4xx_hal.o(i.HAL_IncTick) for HAL_IncTick
    main.o(i.MX_USART1_UART_Init) refers to stm32l4xx_hal_uart.o(i.HAL_UART_Init) for HAL_UART_Init
    main.o(i.MX_USART1_UART_Init) refers to main.o(.bss) for .bss
    main.o(i.MX_USART2_UART_Init) refers to stm32l4xx_hal_uart.o(i.HAL_UART_Init) for HAL_UART_Init
    main.o(i.MX_USART2_UART_Init) refers to main.o(.bss) for .bss
    main.o(i.SystemClock_Config) refers to stm32l4xx_hal_pwr_ex.o(i.HAL_PWREx_ControlVoltageScaling) for HAL_PWREx_ControlVoltageScaling
    main.o(i.SystemClock_Config) refers to stm32l4xx_hal_rcc.o(i.HAL_RCC_OscConfig) for HAL_RCC_OscConfig
    main.o(i.SystemClock_Config) refers to stm32l4xx_hal_rcc.o(i.HAL_RCC_ClockConfig) for HAL_RCC_ClockConfig
    main.o(i.SystemClock_Config) refers to stm32l4xx_hal_rcc_ex.o(i.HAL_RCCEx_PeriphCLKConfig) for HAL_RCCEx_PeriphCLKConfig
    main.o(i.SystemClock_Config) refers to stm32l4xx_hal_rcc.o(i.HAL_RCC_GetHCLKFreq) for HAL_RCC_GetHCLKFreq
    main.o(i.SystemClock_Config) refers to stm32l4xx_hal_cortex.o(i.HAL_SYSTICK_Config) for HAL_SYSTICK_Config
    main.o(i.SystemClock_Config) refers to stm32l4xx_hal_cortex.o(i.HAL_SYSTICK_CLKSourceConfig) for HAL_SYSTICK_CLKSourceConfig
    main.o(i.SystemClock_Config) refers to stm32l4xx_hal_cortex.o(i.HAL_NVIC_SetPriority) for HAL_NVIC_SetPriority
    main.o(i.Thread1) refers to main.o(i.MX_USART1_UART_Init) for MX_USART1_UART_Init
    main.o(i.Thread1) refers to main.o(i.updateSerial) for updateSerial
    main.o(i.Thread1) refers to cmsis_os.o(i.osDelay) for osDelay
    main.o(i.Thread2) refers to main.o(i.MX_USART1_UART_Init) for MX_USART1_UART_Init
    main.o(i.Thread2) refers to main.o(i.loop) for loop
    main.o(i.Thread2) refers to cmsis_os.o(i.osDelay) for osDelay
    main.o(i.gprs) refers to strcpy.o(.text) for strcpy
    main.o(i.gprs) refers to strcat.o(.text) for strcat
    main.o(i.gprs) refers to memseta.o(.text) for __aeabi_memclr4
    main.o(i.gprs) refers to queue.o(i.xQueueSemaphoreTake) for xQueueSemaphoreTake
    main.o(i.gprs) refers to stm32l4xx_hal_uart.o(i.HAL_UART_Transmit) for HAL_UART_Transmit
    main.o(i.gprs) refers to stm32l4xx_hal_uart.o(i.HAL_UART_Receive) for HAL_UART_Receive
    main.o(i.gprs) refers to queue.o(i.xQueueGenericSend) for xQueueGenericSend
    main.o(i.gprs) refers to main.o(i.Check_OK) for Check_OK
    main.o(i.gprs) refers to strncmp.o(.text) for strncmp
    main.o(i.gprs) refers to main.o(.conststring) for .conststring
    main.o(i.gprs) refers to main.o(.bss) for .bss
    main.o(i.gprs) refers to main.o(.data) for .data
    main.o(i.gprs) refers to main.o(.constdata) for .constdata
    main.o(i.loop) refers to memcpya.o(.text) for __aeabi_memcpy4
    main.o(i.loop) refers to memseta.o(.text) for __aeabi_memclr4
    main.o(i.loop) refers to queue.o(i.xQueueSemaphoreTake) for xQueueSemaphoreTake
    main.o(i.loop) refers to stm32l4xx_hal_uart.o(i.HAL_UART_Transmit) for HAL_UART_Transmit
    main.o(i.loop) refers to stm32l4xx_hal_uart.o(i.HAL_UART_Receive) for HAL_UART_Receive
    main.o(i.loop) refers to queue.o(i.xQueueGenericSend) for xQueueGenericSend
    main.o(i.loop) refers to strtok.o(.text) for strtok
    main.o(i.loop) refers to main.o(i.gprs) for gprs
[...]
    Removing stm32l4xx_hal_cortex.o(i.HAL_MPU_Enable), (36 bytes).
    Removing stm32l4xx_hal_cortex.o(i.HAL_NVIC_ClearPendingIRQ), (22 bytes).
    Removing stm32l4xx_hal_cortex.o(i.HAL_NVIC_DisableIRQ), (22 bytes).
    Removing stm32l4xx_hal_cortex.o(i.HAL_NVIC_GetActive), (32 bytes).
    Removing stm32l4xx_hal_cortex.o(i.HAL_NVIC_GetPendingIRQ), (32 bytes).
    Removing stm32l4xx_hal_cortex.o(i.HAL_NVIC_GetPriority), (82 bytes).
    Removing stm32l4xx_hal_cortex.o(i.HAL_NVIC_GetPriorityGrouping), (16 bytes).
    Removing stm32l4xx_hal_cortex.o(i.HAL_NVIC_SetPendingIRQ), (22 bytes).
    Removing stm32l4xx_hal_cortex.o(i.HAL_NVIC_SystemReset), (36 bytes).
    Removing stm32l4xx_hal_cortex.o(i.HAL_SYSTICK_Callback), (2 bytes).
    Removing stm32l4xx_hal_cortex.o(i.HAL_SYSTICK_IRQHandler), (8 bytes).
    Removing system_stm32l4xx.o(.rev16_text), (4 bytes).
    Removing system_stm32l4xx.o(.revsh_text), (4 bytes).
    Removing system_stm32l4xx.o(.rrx_text), (6 bytes).
    Removing system_stm32l4xx.o(i.SystemCoreClockUpdate), (168 bytes).
    Removing heap_4.o(i.vPortInitialiseBlocks), (2 bytes).
    Removing heap_4.o(i.xPortGetFreeHeapSize), (12 bytes).
    Removing heap_4.o(i.xPortGetMinimumEverFreeHeapSize), (12 bytes).
    Removing port.o(i.vPortEndScheduler), (32 bytes).
    Removing port.o(i.vPortValidateInterruptPriority), (84 bytes).
    Removing event_groups.o(i.prvTestWaitCondition), (20 bytes).
    Removing event_groups.o(i.vEventGroupClearBitsCallback), (4 bytes).
    Removing event_groups.o(i.vEventGroupDelete), (70 bytes).
    Removing event_groups.o(i.vEventGroupSetBitsCallback), (4 bytes).
    Removing event_groups.o(i.xEventGroupClearBits), (64 bytes).
    Removing event_groups.o(i.xEventGroupCreate), (26 bytes).
    Removing event_groups.o(i.xEventGroupGetBitsFromISR), (26 bytes).
    Removing event_groups.o(i.xEventGroupSetBits), (140 bytes).
    Removing event_groups.o(i.xEventGroupSync), (204 bytes).
    Removing event_groups.o(i.xEventGroupWaitBits), (264 bytes).
    Removing queue.o(i.pcQueueGetName), (40 bytes).
    Removing queue.o(i.prvCopyDataFromQueue), (38 bytes).
    Removing queue.o(i.uxQueueMessagesWaiting), (36 bytes).
    Removing queue.o(i.uxQueueMessagesWaitingFromISR), (22 bytes).
    Removing queue.o(i.uxQueueSpacesAvailable), (40 bytes).
    Removing queue.o(i.vQueueAddToRegistry), (40 bytes).
    Removing queue.o(i.vQueueDelete), (36 bytes).
    Removing queue.o(i.vQueueUnregisterQueue), (40 bytes).
    Removing queue.o(i.xQueueGenericSendFromISR), (188 bytes).
    Removing queue.o(i.xQueueGiveFromISR), (156 bytes).
    Removing queue.o(i.xQueueIsQueueEmptyFromISR), (30 bytes).
    Removing queue.o(i.xQueueIsQueueFullFromISR), (34 bytes).
    Removing queue.o(i.xQueuePeek), (308 bytes).
    Removing queue.o(i.xQueuePeekFromISR), (116 bytes).
    Removing queue.o(i.xQueueReceive), (312 bytes).
    Removing queue.o(i.xQueueReceiveFromISR), (154 bytes).
    Removing queue.o(.bss), (64 bytes).
    Removing stream_buffer.o(i.prvBytesInBuffer), (18 bytes).
    Removing stream_buffer.o(i.prvInitialiseNewStreamBuffer), (76 bytes).
    Removing stream_buffer.o(i.prvReadBytesFromBuffer), (140 bytes).
    Removing stream_buffer.o(i.prvReadMessageFromBuffer), (66 bytes).
    Removing stream_buffer.o(i.prvWriteBytesToBuffer), (130 bytes).
    Removing stream_buffer.o(i.prvWriteMessageToBuffer), (60 bytes).
    Removing stream_buffer.o(i.vStreamBufferDelete), (34 bytes).
    Removing stream_buffer.o(i.xStreamBufferBytesAvailable), (22 bytes).
    Removing stream_buffer.o(i.xStreamBufferGenericCreate), (82 bytes).
    Removing stream_buffer.o(i.xStreamBufferIsEmpty), (34 bytes).
    Removing stream_buffer.o(i.xStreamBufferIsFull), (48 bytes).
    Removing stream_buffer.o(i.xStreamBufferReceive), (218 bytes).
    Removing stream_buffer.o(i.xStreamBufferReceiveCompletedFromISR), (70 bytes).
    Removing stream_buffer.o(i.xStreamBufferReceiveFromISR), (144 bytes).
    Removing stream_buffer.o(i.xStreamBufferReset), (58 bytes).
    Removing stream_buffer.o(i.xStreamBufferSend), (236 bytes).
    Removing stream_buffer.o(i.xStreamBufferSendCompletedFromISR), (70 bytes).
    Removing stream_buffer.o(i.xStreamBufferSendFromISR), (142 bytes).
    Removing stream_buffer.o(i.xStreamBufferSetTriggerLevel), (40 bytes).
    Removing stream_buffer.o(i.xStreamBufferSpacesAvailable), (38 bytes).
    Removing tasks.o(i.pcTaskGetName), (32 bytes).
    Removing tasks.o(i.prvTaskIsTaskSuspended), (52 bytes).
    Removing tasks.o(i.ulTaskNotifyTake), (104 bytes).
    Removing tasks.o(i.uxTaskGetNumberOfTasks), (12 bytes).
    Removing tasks.o(i.uxTaskPriorityGet), (28 bytes).
    Removing tasks.o(i.uxTaskPriorityGetFromISR), (44 bytes).
    Removing tasks.o(i.uxTaskResetEventItemValue), (24 bytes).
    Removing tasks.o(i.vTaskDelete), (172 bytes).
    Removing tasks.o(i.vTaskEndScheduler), (28 bytes).
    Removing tasks.o(i.vTaskNotifyGiveFromISR), (184 bytes).
    Removing tasks.o(i.vTaskPlaceOnUnorderedEventList), (80 bytes).
    Removing tasks.o(i.vTaskPrioritySet), (196 bytes).
    Removing tasks.o(i.vTaskRemoveFromUnorderedEventList), (112 bytes).
    Removing tasks.o(i.vTaskResume), (124 bytes).
    Removing tasks.o(i.vTaskSetTimeOutState), (48 bytes).
    Removing tasks.o(i.vTaskSuspend), (188 bytes).
    Removing tasks.o(i.xTaskGenericNotify), (204 bytes).
    Removing tasks.o(i.xTaskGenericNotifyFromISR), (240 bytes).
    Removing tasks.o(i.xTaskGetCurrentTaskHandle), (12 bytes).
    Removing tasks.o(i.xTaskGetTickCount), (12 bytes).
    Removing tasks.o(i.xTaskGetTickCountFromISR), (16 bytes).
    Removing tasks.o(i.xTaskNotifyStateClear), (52 bytes).
    Removing tasks.o(i.xTaskNotifyWait), (140 bytes).
    Removing tasks.o(i.xTaskResumeFromISR), (136 bytes).
    Removing cmsis_os.o(.rev16_text), (4 bytes).
    Removing cmsis_os.o(.revsh_text), (4 bytes).
    Removing cmsis_os.o(i.inHandlerMode), (12 bytes).
    Removing cmsis_os.o(i.makeCmsisPriority), (14 bytes).
    Removing cmsis_os.o(i.osAbortDelay), (4 bytes).
    Removing cmsis_os.o(i.osDelayUntil), (4 bytes).
    Removing cmsis_os.o(i.osKernelRunning), (18 bytes).
    Removing cmsis_os.o(i.osKernelSysTick), (24 bytes).
    Removing cmsis_os.o(i.osMailAlloc), (12 bytes).
    Removing cmsis_os.o(i.osMailCAlloc), (32 bytes).
    Removing cmsis_os.o(i.osMailCreate), (92 bytes).
    Removing cmsis_os.o(i.osMailFree), (12 bytes).
    Removing cmsis_os.o(i.osMailGet), (150 bytes).
    Removing cmsis_os.o(i.osMailPut), (92 bytes).
    Removing cmsis_os.o(i.osMessageAvailableSpace), (4 bytes).
    Removing cmsis_os.o(i.osMessageCreate), (8 bytes).
    Removing cmsis_os.o(i.osMessageDelete), (24 bytes).
    Removing cmsis_os.o(i.osMessageGet), (154 bytes).
    Removing cmsis_os.o(i.osMessagePeek), (74 bytes).
    Removing cmsis_os.o(i.osMessagePut), (92 bytes).
    Removing cmsis_os.o(i.osMessageWaiting), (30 bytes).
    Removing cmsis_os.o(i.osMutexDelete), (24 bytes).
    Removing cmsis_os.o(i.osMutexRelease), (80 bytes).
    Removing cmsis_os.o(i.osMutexWait), (100 bytes).
    Removing cmsis_os.o(i.osPoolAlloc), (106 bytes).
    Removing cmsis_os.o(i.osPoolCAlloc), (16 bytes).
    Removing cmsis_os.o(i.osPoolCreate), (94 bytes).
    Removing cmsis_os.o(i.osPoolFree), (48 bytes).
    Removing cmsis_os.o(i.osRecursiveMutexCreate), (4 bytes).
    Removing cmsis_os.o(i.osRecursiveMutexRelease), (4 bytes).
    Removing cmsis_os.o(i.osRecursiveMutexWait), (4 bytes).
    Removing cmsis_os.o(i.osSemaphoreCreate), (38 bytes).
    Removing cmsis_os.o(i.osSemaphoreDelete), (24 bytes).
    Removing cmsis_os.o(i.osSemaphoreGetCount), (4 bytes).
    Removing cmsis_os.o(i.osSemaphoreRelease), (80 bytes).
    Removing cmsis_os.o(i.osSemaphoreWait), (100 bytes).
    Removing cmsis_os.o(i.osSignalSet), (92 bytes).
    Removing cmsis_os.o(i.osSignalWait), (86 bytes).
    Removing cmsis_os.o(i.osThreadGetId), (4 bytes).
    Removing cmsis_os.o(i.osThreadGetPriority), (32 bytes).
    Removing cmsis_os.o(i.osThreadList), (4 bytes).
    Removing cmsis_os.o(i.osThreadResume), (52 bytes).
    Removing cmsis_os.o(i.osThreadResumeAll), (18 bytes).
    Removing cmsis_os.o(i.osThreadSetPriority), (22 bytes).
    Removing cmsis_os.o(i.osThreadSuspend), (10 bytes).
    Removing cmsis_os.o(i.osThreadSuspendAll), (10 bytes).
    Removing cmsis_os.o(i.osThreadTerminate), (10 bytes).
    Removing cmsis_os.o(i.osThreadYield), (24 bytes).
    Removing cmsis_os.o(i.osTimerCreate), (4 bytes).
    Removing cmsis_os.o(i.osTimerDelete), (4 bytes).
    Removing cmsis_os.o(i.osTimerStart), (4 bytes).
    Removing cmsis_os.o(i.osTimerStop), (4 bytes).

654 unused section(s) (total 45047 bytes) removed from the image.

==============================================================================

Image Symbol Table

    Local Symbols

    Symbol Name                              Value     Ov Type        Size  Object(Section)

    ..//Src/system_stm32l4xx.c               0x00000000   Number         0  system_stm32l4xx.o ABSOLUTE
    ../Drivers/STM32L4xx_HAL_Driver/Src/stm32l4xx_hal.c 0x00000000   Number         0  stm32l4xx_hal.o ABSOLUTE
    ../Drivers/STM32L4xx_HAL_Driver/Src/stm32l4xx_hal_cortex.c 0x00000000   Number         0  stm32l4xx_hal_cortex.o ABSOLUTE
    ../Drivers/STM32L4xx_HAL_Driver/Src/stm32l4xx_hal_dma.c 0x00000000   Number         0  stm32l4xx_hal_dma.o ABSOLUTE
    ../Drivers/STM32L4xx_HAL_Driver/Src/stm32l4xx_hal_dma_ex.c 0x00000000   Number         0  stm32l4xx_hal_dma_ex.o ABSOLUTE
    ../Drivers/STM32L4xx_HAL_Driver/Src/stm32l4xx_hal_flash.c 0x00000000   Number         0  stm32l4xx_hal_flash.o ABSOLUTE
    ../Drivers/STM32L4xx_HAL_Driver/Src/stm32l4xx_hal_flash_ex.c 0x00000000   Number         0  stm32l4xx_hal_flash_ex.o ABSOLUTE
    ../Drivers/STM32L4xx_HAL_Driver/Src/stm32l4xx_hal_flash_ramfunc.c 0x00000000   Number         0  stm32l4xx_hal_flash_ramfunc.o ABSOLUTE
    ../Drivers/STM32L4xx_HAL_Driver/Src/stm32l4xx_hal_gpio.c 0x00000000   Number         0  stm32l4xx_hal_gpio.o ABSOLUTE
    ../Drivers/STM32L4xx_HAL_Driver/Src/stm32l4xx_hal_i2c.c 0x00000000   Number         0  stm32l4xx_hal_i2c.o ABSOLUTE
    ../Drivers/STM32L4xx_HAL_Driver/Src/stm32l4xx_hal_i2c_ex.c 0x00000000   Number         0  stm32l4xx_hal_i2c_ex.o ABSOLUTE
    ../Drivers/STM32L4xx_HAL_Driver/Src/stm32l4xx_hal_pwr.c 0x00000000   Number         0  stm32l4xx_hal_pwr.o ABSOLUTE
    ../Drivers/STM32L4xx_HAL_Driver/Src/stm32l4xx_hal_pwr_ex.c 0x00000000   Number         0  stm32l4xx_hal_pwr_ex.o ABSOLUTE
    ../Drivers/STM32L4xx_HAL_Driver/Src/stm32l4xx_hal_rcc.c 0x00000000   Number         0  stm32l4xx_hal_rcc.o ABSOLUTE
    ../Drivers/STM32L4xx_HAL_Driver/Src/stm32l4xx_hal_rcc_ex.c 0x00000000   Number         0  stm32l4xx_hal_rcc_ex.o ABSOLUTE
    ../Drivers/STM32L4xx_HAL_Driver/Src/stm32l4xx_hal_tim.c 0x00000000   Number         0  stm32l4xx_hal_tim.o ABSOLUTE
    ../Drivers/STM32L4xx_HAL_Driver/Src/stm32l4xx_hal_tim_ex.c 0x00000000   Number         0  stm32l4xx_hal_tim_ex.o ABSOLUTE
    ../Drivers/STM32L4xx_HAL_Driver/Src/stm32l4xx_hal_uart.c 0x00000000   Number         0  stm32l4xx_hal_uart.o ABSOLUTE
    ../Drivers/STM32L4xx_HAL_Driver/Src/stm32l4xx_hal_uart_ex.c 0x00000000   Number         0  stm32l4xx_hal_uart_ex.o ABSOLUTE
    ../Middlewares/Third_Party/FreeRTOS/Source/CMSIS_RTOS/cmsis_os.c 0x00000000   Number         0  cmsis_os.o ABSOLUTE
    ../Middlewares/Third_Party/FreeRTOS/Source/croutine.c 0x00000000   Number         0  croutine.o ABSOLUTE
    ../Middlewares/Third_Party/FreeRTOS/Source/event_groups.c 0x00000000   Number         0  event_groups.o ABSOLUTE
    ../Middlewares/Third_Party/FreeRTOS/Source/list.c 0x00000000   Number         0  list.o ABSOLUTE
    ../Middlewares/Third_Party/FreeRTOS/Source/portable/MemMang/heap_4.c 0x00000000   Number         0  heap_4.o ABSOLUTE
    ../Middlewares/Third_Party/FreeRTOS/Source/portable/RVDS/ARM_CM4F/port.c 0x00000000   Number         0  port.o ABSOLUTE
    ../Middlewares/Third_Party/FreeRTOS/Source/queue.c 0x00000000   Number         0  queue.o ABSOLUTE
    ../Middlewares/Third_Party/FreeRTOS/Source/stream_buffer.c 0x00000000   Number         0  stream_buffer.o ABSOLUTE
    ../Middlewares/Third_Party/FreeRTOS/Source/tasks.c 0x00000000   Number         0  tasks.o ABSOLUTE
    ../Middlewares/Third_Party/FreeRTOS/Source/timers.c 0x00000000   Number         0  timers.o ABSOLUTE
    ../Src/freertos.c                        0x00000000   Number         0  freertos.o ABSOLUTE
    ../Src/main.c                            0x00000000   Number         0  main.o ABSOLUTE
    ../Src/stm32l4xx_hal_msp.c               0x00000000   Number         0  stm32l4xx_hal_msp.o ABSOLUTE
    ../Src/stm32l4xx_hal_timebase_TIM.c      0x00000000   Number         0  stm32l4xx_hal_timebase_tim.o ABSOLUTE
    ../Src/stm32l4xx_it.c                    0x00000000   Number         0  stm32l4xx_it.o ABSOLUTE
    ../clib/microlib/division.c              0x00000000   Number         0  uldiv.o ABSOLUTE
    ../clib/microlib/init/entry.s            0x00000000   Number         0  entry10b.o ABSOLUTE
    ../clib/microlib/init/entry.s            0x00000000   Number         0  entry10a.o ABSOLUTE
    ../clib/microlib/init/entry.s            0x00000000   Number         0  entry9b.o ABSOLUTE
    ../clib/microlib/init/entry.s            0x00000000   Number         0  entry.o ABSOLUTE
    ../clib/microlib/init/entry.s            0x00000000   Number         0  entry7a.o ABSOLUTE
    ../clib/microlib/init/entry.s            0x00000000   Number         0  entry2.o ABSOLUTE
    ../clib/microlib/init/entry.s            0x00000000   Number         0  entry7b.o ABSOLUTE
    ../clib/microlib/init/entry.s            0x00000000   Number         0  entry5.o ABSOLUTE
    ../clib/microlib/init/entry.s            0x00000000   Number         0  entry8b.o ABSOLUTE
    ../clib/microlib/init/entry.s            0x00000000   Number         0  entry9a.o ABSOLUTE
    ../clib/microlib/init/entry.s            0x00000000   Number         0  entry8a.o ABSOLUTE
    ../clib/microlib/init/entry.s            0x00000000   Number         0  entry11a.o ABSOLUTE
    ../clib/microlib/init/entry.s            0x00000000   Number         0  entry11b.o ABSOLUTE
    ../clib/microlib/longlong.c              0x00000000   Number         0  llshl.o ABSOLUTE
    ../clib/microlib/longlong.c              0x00000000   Number         0  llushr.o ABSOLUTE
    ../clib/microlib/stdio/setvbuf.c         0x00000000   Number         0  setvbuf.o ABSOLUTE
    ../clib/microlib/stdio/streams.c         0x00000000   Number         0  stdin.o ABSOLUTE
    ../clib/microlib/string/memcpy.c         0x00000000   Number         0  memcpyb.o ABSOLUTE
    ../clib/microlib/string/memcpy.c         0x00000000   Number         0  memcpya.o ABSOLUTE
    ../clib/microlib/string/memset.c         0x00000000   Number         0  memset.o ABSOLUTE
    ../clib/microlib/string/memset.c         0x00000000   Number         0  memseta.o ABSOLUTE
    ../clib/microlib/string/strcat.c         0x00000000   Number         0  strcat.o ABSOLUTE
    ../clib/microlib/string/strcpy.c         0x00000000   Number         0  strcpy.o ABSOLUTE
    ../clib/microlib/string/strlen.c         0x00000000   Number         0  strlen.o ABSOLUTE
    ../clib/microlib/string/strncmp.c        0x00000000   Number         0  strncmp.o ABSOLUTE
    ../clib/microlib/string/strstr.c         0x00000000   Number         0  strstr.o ABSOLUTE
    ../clib/microlib/string/strtok.c         0x00000000   Number         0  strtok_r.o ABSOLUTE
    ../clib/microlib/string/strtok.c         0x00000000   Number         0  strtok.o ABSOLUTE
    ..\Drivers\STM32L4xx_HAL_Driver\Src\stm32l4xx_hal.c 0x00000000   Number         0  stm32l4xx_hal.o ABSOLUTE
    ..\Drivers\STM32L4xx_HAL_Driver\Src\stm32l4xx_hal_cortex.c 0x00000000   Number         0  stm32l4xx_hal_cortex.o ABSOLUTE
    ..\Drivers\STM32L4xx_HAL_Driver\Src\stm32l4xx_hal_dma.c 0x00000000   Number         0  stm32l4xx_hal_dma.o ABSOLUTE
    ..\Drivers\STM32L4xx_HAL_Driver\Src\stm32l4xx_hal_dma_ex.c 0x00000000   Number         0  stm32l4xx_hal_dma_ex.o ABSOLUTE
    ..\Drivers\STM32L4xx_HAL_Driver\Src\stm32l4xx_hal_flash.c 0x00000000   Number         0  stm32l4xx_hal_flash.o ABSOLUTE
    ..\Drivers\STM32L4xx_HAL_Driver\Src\stm32l4xx_hal_flash_ex.c 0x00000000   Number         0  stm32l4xx_hal_flash_ex.o ABSOLUTE
    ..\Drivers\STM32L4xx_HAL_Driver\Src\stm32l4xx_hal_flash_ramfunc.c 0x00000000   Number         0  stm32l4xx_hal_flash_ramfunc.o ABSOLUTE
    ..\Drivers\STM32L4xx_HAL_Driver\Src\stm32l4xx_hal_gpio.c 0x00000000   Number         0  stm32l4xx_hal_gpio.o ABSOLUTE
    ..\Drivers\STM32L4xx_HAL_Driver\Src\stm32l4xx_hal_i2c.c 0x00000000   Number         0  stm32l4xx_hal_i2c.o ABSOLUTE
    ..\Drivers\STM32L4xx_HAL_Driver\Src\stm32l4xx_hal_i2c_ex.c 0x00000000   Number         0  stm32l4xx_hal_i2c_ex.o ABSOLUTE
    ..\Drivers\STM32L4xx_HAL_Driver\Src\stm32l4xx_hal_pwr.c 0x00000000   Number         0  stm32l4xx_hal_pwr.o ABSOLUTE
    ..\Drivers\STM32L4xx_HAL_Driver\Src\stm32l4xx_hal_pwr_ex.c 0x00000000   Number         0  stm32l4xx_hal_pwr_ex.o ABSOLUTE
    ..\Drivers\STM32L4xx_HAL_Driver\Src\stm32l4xx_hal_rcc.c 0x00000000   Number         0  stm32l4xx_hal_rcc.o ABSOLUTE
    ..\Drivers\STM32L4xx_HAL_Driver\Src\stm32l4xx_hal_rcc_ex.c 0x00000000   Number         0  stm32l4xx_hal_rcc_ex.o ABSOLUTE
    ..\Drivers\STM32L4xx_HAL_Driver\Src\stm32l4xx_hal_tim.c 0x00000000   Number         0  stm32l4xx_hal_tim.o ABSOLUTE
    ..\Drivers\STM32L4xx_HAL_Driver\Src\stm32l4xx_hal_tim_ex.c 0x00000000   Number         0  stm32l4xx_hal_tim_ex.o ABSOLUTE
    ..\Drivers\STM32L4xx_HAL_Driver\Src\stm32l4xx_hal_uart.c 0x00000000   Number         0  stm32l4xx_hal_uart.o ABSOLUTE
    ..\Drivers\STM32L4xx_HAL_Driver\Src\stm32l4xx_hal_uart_ex.c 0x00000000   Number         0  stm32l4xx_hal_uart_ex.o ABSOLUTE
    ..\Middlewares\Third_Party\FreeRTOS\Source\CMSIS_RTOS\cmsis_os.c 0x00000000   Number         0  cmsis_os.o ABSOLUTE
    ..\Middlewares\Third_Party\FreeRTOS\Source\portable\RVDS\ARM_CM4F\port.c 0x00000000   Number         0  port.o ABSOLUTE
    ..\Src\main.c                            0x00000000   Number         0  main.o ABSOLUTE
    ..\Src\stm32l4xx_hal_msp.c               0x00000000   Number         0  stm32l4xx_hal_msp.o ABSOLUTE
    ..\Src\stm32l4xx_hal_timebase_TIM.c      0x00000000   Number         0  stm32l4xx_hal_timebase_tim.o ABSOLUTE
    ..\Src\stm32l4xx_it.c                    0x00000000   Number         0  stm32l4xx_it.o ABSOLUTE
    ..\\Src\system_stm32l4xx.c               0x00000000   Number         0  system_stm32l4xx.o ABSOLUTE
    dc.s                                     0x00000000   Number         0  dc.o ABSOLUTE
    handlers.s                               0x00000000   Number         0  handlers.o ABSOLUTE
    init.s                                   0x00000000   Number         0  init.o ABSOLUTE
    startup_stm32l412xx.s                    0x00000000   Number         0  startup_stm32l412xx.o ABSOLUTE
    RESET                                    0x08000000   Section      396  startup_stm32l412xx.o(RESET)
    .ARM.Collect$$$$00000000                 0x0800018c   Section        0  entry.o(.ARM.Collect$$$$00000000)
    .ARM.Collect$$$$00000001                 0x0800018c   Section        4  entry2.o(.ARM.Collect$$$$00000001)
    .ARM.Collect$$$$00000004                 0x08000190   Section        4  entry5.o(.ARM.Collect$$$$00000004)
    .ARM.Collect$$$$00000008                 0x08000194   Section        0  entry7b.o(.ARM.Collect$$$$00000008)
    .ARM.Collect$$$$0000000A                 0x08000194   Section        0  entry8b.o(.ARM.Collect$$$$0000000A)
    .ARM.Collect$$$$0000000B                 0x08000194   Section        8  entry9a.o(.ARM.Collect$$$$0000000B)
    .ARM.Collect$$$$0000000D                 0x0800019c   Section        0  entry10a.o(.ARM.Collect$$$$0000000D)
    .ARM.Collect$$$$0000000F                 0x0800019c   Section        0  entry11a.o(.ARM.Collect$$$$0000000F)
    .ARM.Collect$$$$00002712                 0x0800019c   Section        4  entry2.o(.ARM.Collect$$$$00002712)
    __lit__00000000                          0x0800019c   Data           4  entry2.o(.ARM.Collect$$$$00002712)
    .emb_text                                0x080001a0   Section      190  port.o(.emb_text)
    $v0                                      0x080001a0   Number         0  port.o(.emb_text)
    .text                                    0x08000280   Section       36  startup_stm32l412xx.o(.text)
    $v0                                      0x08000280   Number         0  startup_stm32l412xx.o(.text)
    .text                                    0x080002a4   Section        0  uldiv.o(.text)
    .text                                    0x0800030c   Section        0  memcpya.o(.text)
    .text                                    0x08000330   Section        0  memseta.o(.text)
    .text                                    0x08000354   Section        0  strcat.o(.text)
    .text                                    0x0800036c   Section        0  strstr.o(.text)
    .text                                    0x08000390   Section        0  strcpy.o(.text)
    .text                                    0x080003a2   Section        0  strncmp.o(.text)
    .text                                    0x080003c0   Section        0  strtok.o(.text)
    .text                                    0x08000404   Section        0  llshl.o(.text)
    .text                                    0x08000422   Section        0  llushr.o(.text)
    .text                                    0x08000444   Section       36  init.o(.text)
    i.BusFault_Handler                       0x08000468   Section        0  stm32l4xx_it.o(i.BusFault_Handler)
    i.Check_OK                               0x0800046c   Section        0  main.o(i.Check_OK)
    i.DebugMon_Handler                       0x080004ac   Section        0  stm32l4xx_it.o(i.DebugMon_Handler)
    i.FPU_IRQHandler                         0x080004ae   Section        0  stm32l4xx_it.o(i.FPU_IRQHandler)
    i.HAL_DMA_Abort_IT                       0x080004b0   Section        0  stm32l4xx_hal_dma.o(i.HAL_DMA_Abort_IT)
    i.HAL_Delay                              0x080004fe   Section        0  stm32l4xx_hal.o(i.HAL_Delay)
    i.HAL_GPIO_Init                          0x0800051c   Section        0  stm32l4xx_hal_gpio.o(i.HAL_GPIO_Init)
    i.HAL_GPIO_WritePin                      0x080006a2   Section        0  stm32l4xx_hal_gpio.o(i.HAL_GPIO_WritePin)
    i.HAL_GetTick                            0x080006ac   Section        0  stm32l4xx_hal.o(i.HAL_GetTick)
    i.HAL_IncTick                            0x080006b8   Section        0  stm32l4xx_hal.o(i.HAL_IncTick)
    i.HAL_Init                               0x080006c8   Section        0  stm32l4xx_hal.o(i.HAL_Init)
    i.HAL_InitTick                           0x080006e8   Section        0  stm32l4xx_hal_timebase_tim.o(i.HAL_InitTick)
    i.HAL_MspInit                            0x0800075c   Section        0  stm32l4xx_hal_msp.o(i.HAL_MspInit)
    i.HAL_NVIC_EnableIRQ                     0x080007ec   Section        0  stm32l4xx_hal_cortex.o(i.HAL_NVIC_EnableIRQ)
    i.HAL_NVIC_SetPriority                   0x08000804   Section        0  stm32l4xx_hal_cortex.o(i.HAL_NVIC_SetPriority)
    i.HAL_NVIC_SetPriorityGrouping           0x08000844   Section        0  stm32l4xx_hal_cortex.o(i.HAL_NVIC_SetPriorityGrouping)
    i.HAL_PWREx_ControlVoltageScaling        0x08000868   Section        0  stm32l4xx_hal_pwr_ex.o(i.HAL_PWREx_ControlVoltageScaling)
    i.HAL_PWREx_GetVoltageRange              0x080008d0   Section        0  stm32l4xx_hal_pwr_ex.o(i.HAL_PWREx_GetVoltageRange)
    i.HAL_RCCEx_PeriphCLKConfig              0x080008e0   Section        0  stm32l4xx_hal_rcc_ex.o(i.HAL_RCCEx_PeriphCLKConfig)
    i.HAL_RCC_ClockConfig                    0x08000ad0   Section        0  stm32l4xx_hal_rcc.o(i.HAL_RCC_ClockConfig)
    i.HAL_RCC_GetClockConfig                 0x08000be8   Section        0  stm32l4xx_hal_rcc.o(i.HAL_RCC_GetClockConfig)
    i.HAL_RCC_GetHCLKFreq                    0x08000c28   Section        0  stm32l4xx_hal_rcc.o(i.HAL_RCC_GetHCLKFreq)
    i.HAL_RCC_GetPCLK1Freq                   0x08000c34   Section        0  stm32l4xx_hal_rcc.o(i.HAL_RCC_GetPCLK1Freq)
    i.HAL_RCC_GetPCLK2Freq                   0x08000c58   Section        0  stm32l4xx_hal_rcc.o(i.HAL_RCC_GetPCLK2Freq)
    i.HAL_RCC_GetSysClockFreq                0x08000c7c   Section        0  stm32l4xx_hal_rcc.o(i.HAL_RCC_GetSysClockFreq)
    i.HAL_RCC_OscConfig                      0x08000d20   Section        0  stm32l4xx_hal_rcc.o(i.HAL_RCC_OscConfig)
    i.HAL_SYSTICK_CLKSourceConfig            0x08001240   Section        0  stm32l4xx_hal_cortex.o(i.HAL_SYSTICK_CLKSourceConfig)
    i.HAL_SYSTICK_Config                     0x08001258   Section        0  stm32l4xx_hal_cortex.o(i.HAL_SYSTICK_Config)
    i.HAL_TIMEx_Break2Callback               0x08001280   Section        0  stm32l4xx_hal_tim_ex.o(i.HAL_TIMEx_Break2Callback)
    i.HAL_TIMEx_BreakCallback                0x08001282   Section        0  stm32l4xx_hal_tim_ex.o(i.HAL_TIMEx_BreakCallback)
    i.HAL_TIMEx_CommutationCallback          0x08001284   Section        0  stm32l4xx_hal_tim_ex.o(i.HAL_TIMEx_CommutationCallback)
    i.HAL_TIM_Base_Init                      0x08001286   Section        0  stm32l4xx_hal_tim.o(i.HAL_TIM_Base_Init)
    i.HAL_TIM_Base_MspInit                   0x080012bc   Section        0  stm32l4xx_hal_tim.o(i.HAL_TIM_Base_MspInit)
    i.HAL_TIM_Base_Start_IT                  0x080012c0   Section        0  stm32l4xx_hal_tim.o(i.HAL_TIM_Base_Start_IT)
    i.HAL_TIM_IC_CaptureCallback             0x080012f0   Section        0  stm32l4xx_hal_tim.o(i.HAL_TIM_IC_CaptureCallback)
    i.HAL_TIM_IRQHandler                     0x080012f2   Section        0  stm32l4xx_hal_tim.o(i.HAL_TIM_IRQHandler)
    i.HAL_TIM_OC_DelayElapsedCallback        0x08001476   Section        0  stm32l4xx_hal_tim.o(i.HAL_TIM_OC_DelayElapsedCallback)
    i.HAL_TIM_PWM_PulseFinishedCallback      0x08001478   Section        0  stm32l4xx_hal_tim.o(i.HAL_TIM_PWM_PulseFinishedCallback)
    i.HAL_TIM_PeriodElapsedCallback          0x0800147c   Section        0  main.o(i.HAL_TIM_PeriodElapsedCallback)
    i.HAL_TIM_TriggerCallback                0x08001490   Section        0  stm32l4xx_hal_tim.o(i.HAL_TIM_TriggerCallback)
    i.HAL_UARTEx_WakeupCallback              0x08001492   Section        0  stm32l4xx_hal_uart_ex.o(i.HAL_UARTEx_WakeupCallback)
    i.HAL_UART_ErrorCallback                 0x08001494   Section        0  stm32l4xx_hal_uart.o(i.HAL_UART_ErrorCallback)
    i.HAL_UART_IRQHandler                    0x08001498   Section        0  stm32l4xx_hal_uart.o(i.HAL_UART_IRQHandler)
    i.HAL_UART_Init                          0x080015dc   Section        0  stm32l4xx_hal_uart.o(i.HAL_UART_Init)
    i.HAL_UART_MspInit                       0x08001648   Section        0  stm32l4xx_hal_msp.o(i.HAL_UART_MspInit)
    i.HAL_UART_Receive                       0x080016d0   Section        0  stm32l4xx_hal_uart.o(i.HAL_UART_Receive)
    i.HAL_UART_Transmit                      0x080017ba   Section        0  stm32l4xx_hal_uart.o(i.HAL_UART_Transmit)
    i.HAL_UART_TxCpltCallback                0x0800186a   Section        0  stm32l4xx_hal_uart.o(i.HAL_UART_TxCpltCallback)
    i.HardFault_Handler                      0x0800186c   Section        0  stm32l4xx_it.o(i.HardFault_Handler)
    i.MX_USART1_UART_Init                    0x08001870   Section        0  main.o(i.MX_USART1_UART_Init)
    MX_USART1_UART_Init                      0x08001871   Thumb Code    46  main.o(i.MX_USART1_UART_Init)
    i.MX_USART2_UART_Init                    0x080018a8   Section        0  main.o(i.MX_USART2_UART_Init)
    MX_USART2_UART_Init                      0x080018a9   Thumb Code    46  main.o(i.MX_USART2_UART_Init)
    i.MemManage_Handler                      0x080018e0   Section        0  stm32l4xx_it.o(i.MemManage_Handler)
    i.NMI_Handler                            0x080018e2   Section        0  stm32l4xx_it.o(i.NMI_Handler)
    i.NVIC_SetPriority                       0x080018e4   Section        0  stm32l4xx_hal_cortex.o(i.NVIC_SetPriority)
    NVIC_SetPriority                         0x080018e5   Thumb Code    32  stm32l4xx_hal_cortex.o(i.NVIC_SetPriority)
    i.RCC_SetFlashLatencyFromMSIRange        0x08001904   Section        0  stm32l4xx_hal_rcc.o(i.RCC_SetFlashLatencyFromMSIRange)
    RCC_SetFlashLatencyFromMSIRange          0x08001905   Thumb Code   116  stm32l4xx_hal_rcc.o(i.RCC_SetFlashLatencyFromMSIRange)
    i.SysTick_Handler                        0x08001980   Section        0  stm32l4xx_it.o(i.SysTick_Handler)
    i.SystemClock_Config                     0x08001984   Section        0  main.o(i.SystemClock_Config)
    i.SystemInit                             0x08001a00   Section        0  system_stm32l4xx.o(i.SystemInit)
    i.TIM1_UP_TIM16_IRQHandler               0x08001a44   Section        0  stm32l4xx_it.o(i.TIM1_UP_TIM16_IRQHandler)
    i.TIM_Base_SetConfig                     0x08001a50   Section        0  stm32l4xx_hal_tim.o(i.TIM_Base_SetConfig)
    i.Thread1                                0x08001abc   Section        0  main.o(i.Thread1)
    i.Thread2                                0x08001acc   Section        0  main.o(i.Thread2)
    i.UART_AdvFeatureConfig                  0x08001adc   Section        0  stm32l4xx_hal_uart.o(i.UART_AdvFeatureConfig)
    i.UART_CheckIdleState                    0x08001ba4   Section        0  stm32l4xx_hal_uart.o(i.UART_CheckIdleState)
    i.UART_DMAAbortOnError                   0x08001c00   Section        0  stm32l4xx_hal_uart.o(i.UART_DMAAbortOnError)
    UART_DMAAbortOnError                     0x08001c01   Thumb Code    20  stm32l4xx_hal_uart.o(i.UART_DMAAbortOnError)
    i.UART_EndRxTransfer                     0x08001c14   Section        0  stm32l4xx_hal_uart.o(i.UART_EndRxTransfer)
    UART_EndRxTransfer                       0x08001c15   Thumb Code    32  stm32l4xx_hal_uart.o(i.UART_EndRxTransfer)
    i.UART_SetConfig                         0x08001c34   Section        0  stm32l4xx_hal_uart.o(i.UART_SetConfig)
    i.UART_WaitOnFlagUntilTimeout            0x08001e88   Section        0  stm32l4xx_hal_uart.o(i.UART_WaitOnFlagUntilTimeout)
    i.USART1_IRQHandler                      0x08001eec   Section        0  stm32l4xx_it.o(i.USART1_IRQHandler)
    i.UsageFault_Handler                     0x08001ef8   Section        0  stm32l4xx_it.o(i.UsageFault_Handler)
    i.__scatterload_copy                     0x08001efa   Section       14  handlers.o(i.__scatterload_copy)
    i.__scatterload_null                     0x08001f08   Section        2  handlers.o(i.__scatterload_null)
    i.__scatterload_zeroinit                 0x08001f0a   Section       14  handlers.o(i.__scatterload_zeroinit)
    i.gprs                                   0x08001f18   Section        0  main.o(i.gprs)
    i.loop                                   0x08002494   Section        0  main.o(i.loop)
    i.main                                   0x080025a8   Section        0  main.o(i.main)
    i.makeFreeRtosPriority                   0x08002660   Section        0  cmsis_os.o(i.makeFreeRtosPriority)
    makeFreeRtosPriority                     0x08002661   Thumb Code    12  cmsis_os.o(i.makeFreeRtosPriority)
    i.osDelay                                0x0800266c   Section        0  cmsis_os.o(i.osDelay)
    i.osKernelStart                          0x0800267a   Section        0  cmsis_os.o(i.osKernelStart)
    i.osMutexCreate                          0x08002684   Section        0  cmsis_os.o(i.osMutexCreate)
    i.osSystickHandler                       0x0800268a   Section        0  cmsis_os.o(i.osSystickHandler)
    i.osThreadCreate                         0x0800269e   Section        0  cmsis_os.o(i.osThreadCreate)
    i.prvAddCurrentTaskToDelayedList         0x080026cc   Section        0  tasks.o(i.prvAddCurrentTaskToDelayedList)
    prvAddCurrentTaskToDelayedList           0x080026cd   Thumb Code   102  tasks.o(i.prvAddCurrentTaskToDelayedList)
    i.prvAddNewTaskToReadyList               0x0800273c   Section        0  tasks.o(i.prvAddNewTaskToReadyList)
    prvAddNewTaskToReadyList                 0x0800273d   Thumb Code   194  tasks.o(i.prvAddNewTaskToReadyList)
    i.prvCopyDataToQueue                     0x0800280c   Section        0  queue.o(i.prvCopyDataToQueue)
    prvCopyDataToQueue                       0x0800280d   Thumb Code   108  queue.o(i.prvCopyDataToQueue)
    i.prvDeleteTCB                           0x08002878   Section        0  tasks.o(i.prvDeleteTCB)
    prvDeleteTCB                             0x08002879   Thumb Code    20  tasks.o(i.prvDeleteTCB)
    i.prvHeapInit                            0x0800288c   Section        0  heap_4.o(i.prvHeapInit)
    prvHeapInit                              0x0800288d   Thumb Code    64  heap_4.o(i.prvHeapInit)
    i.prvIdleTask                            0x080028d4   Section        0  tasks.o(i.prvIdleTask)
    prvIdleTask                              0x080028d5   Thumb Code    82  tasks.o(i.prvIdleTask)
    i.prvInitialiseNewTask                   0x08002934   Section        0  tasks.o(i.prvInitialiseNewTask)
    prvInitialiseNewTask                     0x08002935   Thumb Code   142  tasks.o(i.prvInitialiseNewTask)
    i.prvInsertBlockIntoFreeList             0x080029c4   Section        0  heap_4.o(i.prvInsertBlockIntoFreeList)
    prvInsertBlockIntoFreeList               0x080029c5   Thumb Code    72  heap_4.o(i.prvInsertBlockIntoFreeList)
    i.prvIsQueueEmpty                        0x08002a10   Section        0  queue.o(i.prvIsQueueEmpty)
    prvIsQueueEmpty                          0x08002a11   Thumb Code    28  queue.o(i.prvIsQueueEmpty)
    i.prvResetNextTaskUnblockTime            0x08002a2c   Section        0  tasks.o(i.prvResetNextTaskUnblockTime)
    prvResetNextTaskUnblockTime              0x08002a2d   Thumb Code    26  tasks.o(i.prvResetNextTaskUnblockTime)
    i.prvTaskExitError                       0x08002a4c   Section        0  port.o(i.prvTaskExitError)
    prvTaskExitError                         0x08002a4d   Thumb Code    36  port.o(i.prvTaskExitError)
    i.prvUnlockQueue                         0x08002a74   Section        0  queue.o(i.prvUnlockQueue)
    prvUnlockQueue                           0x08002a75   Thumb Code   106  queue.o(i.prvUnlockQueue)
    i.pvPortMalloc                           0x08002ae0   Section        0  heap_4.o(i.pvPortMalloc)
    i.pvTaskIncrementMutexHeldCount          0x08002bb8   Section        0  tasks.o(i.pvTaskIncrementMutexHeldCount)
    i.pxPortInitialiseStack                  0x08002bd0   Section        0  port.o(i.pxPortInitialiseStack)
    i.setup                                  0x08002bfc   Section        0  main.o(i.setup)
    i.updateSerial                           0x08002dd4   Section        0  main.o(i.updateSerial)
    i.uxListRemove                           0x08002e5c   Section        0  list.o(i.uxListRemove)
    i.vListInitialise                        0x08002e82   Section        0  list.o(i.vListInitialise)
    i.vListInitialiseItem                    0x08002e98   Section        0  list.o(i.vListInitialiseItem)
    i.vListInsert                            0x08002e9e   Section        0  list.o(i.vListInsert)
    i.vListInsertEnd                         0x08002ece   Section        0  list.o(i.vListInsertEnd)
    i.vPortEnterCritical                     0x08002ee8   Section        0  port.o(i.vPortEnterCritical)
    i.vPortExitCritical                      0x08002f28   Section        0  port.o(i.vPortExitCritical)
    i.vPortFree                              0x08002f50   Section        0  heap_4.o(i.vPortFree)
    i.vPortSetupTimerInterrupt               0x08002fac   Section        0  port.o(i.vPortSetupTimerInterrupt)
    i.vTaskDelay                             0x08002fd0   Section        0  tasks.o(i.vTaskDelay)
    i.vTaskInternalSetTimeOutState           0x0800301c   Section        0  tasks.o(i.vTaskInternalSetTimeOutState)
    i.vTaskMissedYield                       0x0800302c   Section        0  tasks.o(i.vTaskMissedYield)
    i.vTaskPlaceOnEventList                  0x08003038   Section        0  tasks.o(i.vTaskPlaceOnEventList)
    i.vTaskPriorityDisinheritAfterTimeout    0x08003068   Section        0  tasks.o(i.vTaskPriorityDisinheritAfterTimeout)
    i.vTaskStartScheduler                    0x08003110   Section        0  tasks.o(i.vTaskStartScheduler)
    i.vTaskSuspendAll                        0x08003178   Section        0  tasks.o(i.vTaskSuspendAll)
    i.vTaskSwitchContext                     0x08003188   Section        0  tasks.o(i.vTaskSwitchContext)
    i.xPortStartScheduler                    0x080031e4   Section        0  port.o(i.xPortStartScheduler)
    i.xPortSysTickHandler                    0x080032d8   Section        0  port.o(i.xPortSysTickHandler)
    i.xQueueCreateMutex                      0x08003304   Section        0  queue.o(i.xQueueCreateMutex)
    i.xQueueGenericCreate                    0x08003328   Section        0  queue.o(i.xQueueGenericCreate)
    i.xQueueGenericReset                     0x08003370   Section        0  queue.o(i.xQueueGenericReset)
    i.xQueueGenericSend                      0x080033f8   Section        0  queue.o(i.xQueueGenericSend)
    i.xQueueSemaphoreTake                    0x08003558   Section        0  queue.o(i.xQueueSemaphoreTake)
    i.xTaskCheckForTimeOut                   0x080036d0   Section        0  tasks.o(i.xTaskCheckForTimeOut)
    i.xTaskCreate                            0x08003744   Section        0  tasks.o(i.xTaskCreate)
    i.xTaskGetSchedulerState                 0x080037a0   Section        0  tasks.o(i.xTaskGetSchedulerState)
    i.xTaskIncrementTick                     0x080037bc   Section        0  tasks.o(i.xTaskIncrementTick)
    i.xTaskPriorityDisinherit                0x08003884   Section        0  tasks.o(i.xTaskPriorityDisinherit)
    i.xTaskPriorityInherit                   0x0800391c   Section        0  tasks.o(i.xTaskPriorityInherit)
    i.xTaskRemoveFromEventList               0x080039b0   Section        0  tasks.o(i.xTaskRemoveFromEventList)
    i.xTaskResumeAll                         0x08003a24   Section        0  tasks.o(i.xTaskResumeAll)
    .constdata                               0x08003ae8   Section      332  main.o(.constdata)
    .constdata                               0x08003c34   Section       64  system_stm32l4xx.o(.constdata)
    .constdata                               0x08003c74   Section        8  system_stm32l4xx.o(.constdata)
    .conststring                             0x08003c7c   Section      113  main.o(.conststring)
    .data                                    0x20000000   Section       36  main.o(.data)
    .data                                    0x20000024   Section        4  stm32l4xx_hal.o(.data)
    .data                                    0x20000028   Section        4  system_stm32l4xx.o(.data)
    .data                                    0x2000002c   Section       24  heap_4.o(.data)
    pxEnd                                    0x2000002c   Data           4  heap_4.o(.data)
    xFreeBytesRemaining                      0x20000030   Data           4  heap_4.o(.data)
    xMinimumEverFreeBytesRemaining           0x20000034   Data           4  heap_4.o(.data)
    xBlockAllocatedBit                       0x20000038   Data           4  heap_4.o(.data)
    xStart                                   0x2000003c   Data           8  heap_4.o(.data)
    .data                                    0x20000044   Section       12  port.o(.data)
    ucMaxSysCallPriority                     0x20000044   Data           1  port.o(.data)
    uxCriticalNesting                        0x20000048   Data           4  port.o(.data)
    ulMaxPRIGROUPValue                       0x2000004c   Data           4  port.o(.data)
    .data                                    0x20000050   Section       60  tasks.o(.data)
    pxDelayedTaskList                        0x20000054   Data           4  tasks.o(.data)
    pxOverflowDelayedTaskList                0x20000058   Data           4  tasks.o(.data)
    uxDeletedTasksWaitingCleanUp             0x2000005c   Data           4  tasks.o(.data)
    uxCurrentNumberOfTasks                   0x20000060   Data           4  tasks.o(.data)
    xTickCount                               0x20000064   Data           4  tasks.o(.data)
    uxTopReadyPriority                       0x20000068   Data           4  tasks.o(.data)
    xSchedulerRunning                        0x2000006c   Data           4  tasks.o(.data)
    uxPendedTicks                            0x20000070   Data           4  tasks.o(.data)
    xYieldPending                            0x20000074   Data           4  tasks.o(.data)
    xNumOfOverflows                          0x20000078   Data           4  tasks.o(.data)
    uxTaskNumber                             0x2000007c   Data           4  tasks.o(.data)
    xNextTaskUnblockTime                     0x20000080   Data           4  tasks.o(.data)
    xIdleTaskHandle                          0x20000084   Data           4  tasks.o(.data)
    uxSchedulerSuspended                     0x20000088   Data           4  tasks.o(.data)
    .data                                    0x2000008c   Section        4  stdin.o(.data)
    .data                                    0x20000090   Section        4  strtok.o(.data)
    state                                    0x20000090   Data           4  strtok.o(.data)
    .bss                                     0x20000094   Section     1130  main.o(.bss)
    .bss                                     0x20000500   Section       64  stm32l4xx_hal_timebase_tim.o(.bss)
    .bss                                     0x20000540   Section     3000  heap_4.o(.bss)
    ucHeap                                   0x20000540   Data        3000  heap_4.o(.bss)
    .bss                                     0x200010f8   Section      240  tasks.o(.bss)
    pxReadyTasksLists                        0x200010f8   Data         140  tasks.o(.bss)
    xDelayedTaskList1                        0x20001184   Data          20  tasks.o(.bss)
    xDelayedTaskList2                        0x20001198   Data          20  tasks.o(.bss)
    xPendingReadyList                        0x200011ac   Data          20  tasks.o(.bss)
    xTasksWaitingTermination                 0x200011c0   Data          20  tasks.o(.bss)
    xSuspendedTaskList                       0x200011d4   Data          20  tasks.o(.bss)
    STACK                                    0x200011e8   Section     1024  startup_stm32l412xx.o(STACK)

    Global Symbols

    Symbol Name                              Value     Ov Type        Size  Object(Section)

    BuildAttributes$$THM_ISAv4$E$P$D$K$B$S$7EM$VFPi3$EXTD16$VFPS$VFMA$PE$A:L22UL41UL21$X:L11$S22US41US21$IEEE1$IW$USESV6$~STKCKD$USESV7$~SHL$OSPACE$EBA8$MICROLIB$REQ8$PRES8$EABIv2 0x00000000   Number         0  anon$$obj.o ABSOLUTE
    __ARM_use_no_argv                        0x00000000   Number         0  main.o ABSOLUTE
    __cpp_initialize__aeabi_                  - Undefined Weak Reference
    __cxa_finalize                            - Undefined Weak Reference
    __decompress                              - Undefined Weak Reference
    _clock_init                               - Undefined Weak Reference
    _microlib_exit                            - Undefined Weak Reference
    __Vectors_Size                           0x0000018c   Number         0  startup_stm32l412xx.o ABSOLUTE
    __Vectors                                0x08000000   Data           4  startup_stm32l412xx.o(RESET)
    __Vectors_End                            0x0800018c   Data           0  startup_stm32l412xx.o(RESET)
    __main                                   0x0800018d   Thumb Code     0  entry.o(.ARM.Collect$$$$00000000)
    _main_stk                                0x0800018d   Thumb Code     0  entry2.o(.ARM.Collect$$$$00000001)
    _main_scatterload                        0x08000191   Thumb Code     0  entry5.o(.ARM.Collect$$$$00000004)
    __main_after_scatterload                 0x08000195   Thumb Code     0  entry5.o(.ARM.Collect$$$$00000004)
    _main_clock                              0x08000195   Thumb Code     0  entry7b.o(.ARM.Collect$$$$00000008)
    _main_cpp_init                           0x08000195   Thumb Code     0  entry8b.o(.ARM.Collect$$$$0000000A)
    _main_init                               0x08000195   Thumb Code     0  entry9a.o(.ARM.Collect$$$$0000000B)
    __rt_final_cpp                           0x0800019d   Thumb Code     0  entry10a.o(.ARM.Collect$$$$0000000D)
    __rt_final_exit                          0x0800019d   Thumb Code     0  entry11a.o(.ARM.Collect$$$$0000000F)
    SVC_Handler                              0x080001a1   Thumb Code    28  port.o(.emb_text)
    __asm___6_port_c_39a90d8d__prvStartFirstTask 0x080001c1   Thumb Code    36  port.o(.emb_text)
    __asm___6_port_c_39a90d8d__prvEnableVFP  0x080001e9   Thumb Code    16  port.o(.emb_text)
    PendSV_Handler                           0x080001fd   Thumb Code    88  port.o(.emb_text)
    vPortGetIPSR                             0x08000259   Thumb Code     6  port.o(.emb_text)
    Reset_Handler                            0x08000281   Thumb Code     8  startup_stm32l412xx.o(.text)
    ADC1_2_IRQHandler                        0x0800029b   Thumb Code     0  startup_stm32l412xx.o(.text)
    COMP_IRQHandler                          0x0800029b   Thumb Code     0  startup_stm32l412xx.o(.text)
    CRS_IRQHandler                           0x0800029b   Thumb Code     0  startup_stm32l412xx.o(.text)
    DMA1_Channel1_IRQHandler                 0x0800029b   Thumb Code     0  startup_stm32l412xx.o(.text)
    DMA1_Channel2_IRQHandler                 0x0800029b   Thumb Code     0  startup_stm32l412xx.o(.text)
    DMA1_Channel3_IRQHandler                 0x0800029b   Thumb Code     0  startup_stm32l412xx.o(.text)
    DMA1_Channel4_IRQHandler                 0x0800029b   Thumb Code     0  startup_stm32l412xx.o(.text)
    DMA1_Channel5_IRQHandler                 0x0800029b   Thumb Code     0  startup_stm32l412xx.o(.text)
    DMA1_Channel6_IRQHandler                 0x0800029b   Thumb Code     0  startup_stm32l412xx.o(.text)
    DMA1_Channel7_IRQHandler                 0x0800029b   Thumb Code     0  startup_stm32l412xx.o(.text)
    DMA2_Channel1_IRQHandler                 0x0800029b   Thumb Code     0  startup_stm32l412xx.o(.text)
    DMA2_Channel2_IRQHandler                 0x0800029b   Thumb Code     0  startup_stm32l412xx.o(.text)
    DMA2_Channel3_IRQHandler                 0x0800029b   Thumb Code     0  startup_stm32l412xx.o(.text)
    DMA2_Channel4_IRQHandler                 0x0800029b   Thumb Code     0  startup_stm32l412xx.o(.text)
    DMA2_Channel5_IRQHandler                 0x0800029b   Thumb Code     0  startup_stm32l412xx.o(.text)
    DMA2_Channel6_IRQHandler                 0x0800029b   Thumb Code     0  startup_stm32l412xx.o(.text)
    DMA2_Channel7_IRQHandler                 0x0800029b   Thumb Code     0  startup_stm32l412xx.o(.text)
    EXTI0_IRQHandler                         0x0800029b   Thumb Code     0  startup_stm32l412xx.o(.text)
    EXTI15_10_IRQHandler                     0x0800029b   Thumb Code     0  startup_stm32l412xx.o(.text)
    EXTI1_IRQHandler                         0x0800029b   Thumb Code     0  startup_stm32l412xx.o(.text)
    EXTI2_IRQHandler                         0x0800029b   Thumb Code     0  startup_stm32l412xx.o(.text)
    EXTI3_IRQHandler                         0x0800029b   Thumb Code     0  startup_stm32l412xx.o(.text)
    EXTI4_IRQHandler                         0x0800029b   Thumb Code     0  startup_stm32l412xx.o(.text)
    EXTI9_5_IRQHandler                       0x0800029b   Thumb Code     0  startup_stm32l412xx.o(.text)
    FLASH_IRQHandler                         0x0800029b   Thumb Code     0  startup_stm32l412xx.o(.text)
    I2C1_ER_IRQHandler                       0x0800029b   Thumb Code     0  startup_stm32l412xx.o(.text)
    I2C1_EV_IRQHandler                       0x0800029b   Thumb Code     0  startup_stm32l412xx.o(.text)
    I2C2_ER_IRQHandler                       0x0800029b   Thumb Code     0  startup_stm32l412xx.o(.text)
    I2C2_EV_IRQHandler                       0x0800029b   Thumb Code     0  startup_stm32l412xx.o(.text)
    I2C3_ER_IRQHandler                       0x0800029b   Thumb Code     0  startup_stm32l412xx.o(.text)
    I2C3_EV_IRQHandler                       0x0800029b   Thumb Code     0  startup_stm32l412xx.o(.text)
    LPTIM1_IRQHandler                        0x0800029b   Thumb Code     0  startup_stm32l412xx.o(.text)
    LPTIM2_IRQHandler                        0x0800029b   Thumb Code     0  startup_stm32l412xx.o(.text)
    LPUART1_IRQHandler                       0x0800029b   Thumb Code     0  startup_stm32l412xx.o(.text)
    PVD_PVM_IRQHandler                       0x0800029b   Thumb Code     0  startup_stm32l412xx.o(.text)
    QUADSPI_IRQHandler                       0x0800029b   Thumb Code     0  startup_stm32l412xx.o(.text)
    RCC_IRQHandler                           0x0800029b   Thumb Code     0  startup_stm32l412xx.o(.text)
    RNG_IRQHandler                           0x0800029b   Thumb Code     0  startup_stm32l412xx.o(.text)
    RTC_Alarm_IRQHandler                     0x0800029b   Thumb Code     0  startup_stm32l412xx.o(.text)
    RTC_WKUP_IRQHandler                      0x0800029b   Thumb Code     0  startup_stm32l412xx.o(.text)
    SPI1_IRQHandler                          0x0800029b   Thumb Code     0  startup_stm32l412xx.o(.text)
    SPI2_IRQHandler                          0x0800029b   Thumb Code     0  startup_stm32l412xx.o(.text)
    TAMP_STAMP_IRQHandler                    0x0800029b   Thumb Code     0  startup_stm32l412xx.o(.text)
    TIM1_BRK_TIM15_IRQHandler                0x0800029b   Thumb Code     0  startup_stm32l412xx.o(.text)
    TIM1_CC_IRQHandler                       0x0800029b   Thumb Code     0  startup_stm32l412xx.o(.text)
    TIM1_TRG_COM_IRQHandler                  0x0800029b   Thumb Code     0  startup_stm32l412xx.o(.text)
    TIM2_IRQHandler                          0x0800029b   Thumb Code     0  startup_stm32l412xx.o(.text)
    TIM6_IRQHandler                          0x0800029b   Thumb Code     0  startup_stm32l412xx.o(.text)
    TSC_IRQHandler                           0x0800029b   Thumb Code     0  startup_stm32l412xx.o(.text)
    USART2_IRQHandler                        0x0800029b   Thumb Code     0  startup_stm32l412xx.o(.text)
    USART3_IRQHandler                        0x0800029b   Thumb Code     0  startup_stm32l412xx.o(.text)
    USB_IRQHandler                           0x0800029b   Thumb Code     0  startup_stm32l412xx.o(.text)
    WWDG_IRQHandler                          0x0800029b   Thumb Code     0  startup_stm32l412xx.o(.text)
    __aeabi_uldivmod                         0x080002a5   Thumb Code    98  uldiv.o(.text)
    __aeabi_memcpy                           0x0800030d   Thumb Code    36  memcpya.o(.text)
    __aeabi_memcpy4                          0x0800030d   Thumb Code     0  memcpya.o(.text)
    __aeabi_memcpy8                          0x0800030d   Thumb Code     0  memcpya.o(.text)
    __aeabi_memset                           0x08000331   Thumb Code    14  memseta.o(.text)
    __aeabi_memset4                          0x08000331   Thumb Code     0  memseta.o(.text)
    __aeabi_memset8                          0x08000331   Thumb Code     0  memseta.o(.text)
    __aeabi_memclr                           0x0800033f   Thumb Code     4  memseta.o(.text)
    __aeabi_memclr4                          0x0800033f   Thumb Code     0  memseta.o(.text)
    __aeabi_memclr8                          0x0800033f   Thumb Code     0  memseta.o(.text)
    memset                                   0x08000343   Thumb Code    18  memseta.o(.text)
    strcat                                   0x08000355   Thumb Code    24  strcat.o(.text)
    strstr                                   0x0800036d   Thumb Code    36  strstr.o(.text)
    strcpy                                   0x08000391   Thumb Code    18  strcpy.o(.text)
    strncmp                                  0x080003a3   Thumb Code    30  strncmp.o(.text)
    strtok                                   0x080003c1   Thumb Code    62  strtok.o(.text)
    __aeabi_llsl                             0x08000405   Thumb Code    30  llshl.o(.text)
    _ll_shift_l                              0x08000405   Thumb Code     0  llshl.o(.text)
    __aeabi_llsr                             0x08000423   Thumb Code    32  llushr.o(.text)
    _ll_ushift_r                             0x08000423   Thumb Code     0  llushr.o(.text)
    __scatterload                            0x08000445   Thumb Code    28  init.o(.text)
    __scatterload_rt2                        0x08000445   Thumb Code     0  init.o(.text)
    BusFault_Handler                         0x08000469   Thumb Code     2  stm32l4xx_it.o(i.BusFault_Handler)
    Check_OK                                 0x0800046d   Thumb Code    44  main.o(i.Check_OK)
    DebugMon_Handler                         0x080004ad   Thumb Code     2  stm32l4xx_it.o(i.DebugMon_Handler)
    FPU_IRQHandler                           0x080004af   Thumb Code     2  stm32l4xx_it.o(i.FPU_IRQHandler)
    HAL_DMA_Abort_IT                         0x080004b1   Thumb Code    78  stm32l4xx_hal_dma.o(i.HAL_DMA_Abort_IT)
    HAL_Delay                                0x080004ff   Thumb Code    28  stm32l4xx_hal.o(i.HAL_Delay)
    HAL_GPIO_Init                            0x0800051d   Thumb Code   358  stm32l4xx_hal_gpio.o(i.HAL_GPIO_Init)
    HAL_GPIO_WritePin                        0x080006a3   Thumb Code    10  stm32l4xx_hal_gpio.o(i.HAL_GPIO_WritePin)
    HAL_GetTick                              0x080006ad   Thumb Code     6  stm32l4xx_hal.o(i.HAL_GetTick)
    HAL_IncTick                              0x080006b9   Thumb Code    10  stm32l4xx_hal.o(i.HAL_IncTick)
    HAL_Init                                 0x080006c9   Thumb Code    30  stm32l4xx_hal.o(i.HAL_Init)
    HAL_InitTick                             0x080006e9   Thumb Code    98  stm32l4xx_hal_timebase_tim.o(i.HAL_InitTick)
    HAL_MspInit                              0x0800075d   Thumb Code   138  stm32l4xx_hal_msp.o(i.HAL_MspInit)
    HAL_NVIC_EnableIRQ                       0x080007ed   Thumb Code    22  stm32l4xx_hal_cortex.o(i.HAL_NVIC_EnableIRQ)
    HAL_NVIC_SetPriority                     0x08000805   Thumb Code    60  stm32l4xx_hal_cortex.o(i.HAL_NVIC_SetPriority)
    HAL_NVIC_SetPriorityGrouping             0x08000845   Thumb Code    26  stm32l4xx_hal_cortex.o(i.HAL_NVIC_SetPriorityGrouping)
    HAL_PWREx_ControlVoltageScaling          0x08000869   Thumb Code    90  stm32l4xx_hal_pwr_ex.o(i.HAL_PWREx_ControlVoltageScaling)
    HAL_PWREx_GetVoltageRange                0x080008d1   Thumb Code    10  stm32l4xx_hal_pwr_ex.o(i.HAL_PWREx_GetVoltageRange)
    HAL_RCCEx_PeriphCLKConfig                0x080008e1   Thumb Code   486  stm32l4xx_hal_rcc_ex.o(i.HAL_RCCEx_PeriphCLKConfig)
    HAL_RCC_ClockConfig                      0x08000ad1   Thumb Code   264  stm32l4xx_hal_rcc.o(i.HAL_RCC_ClockConfig)
    HAL_RCC_GetClockConfig                   0x08000be9   Thumb Code    54  stm32l4xx_hal_rcc.o(i.HAL_RCC_GetClockConfig)
    HAL_RCC_GetHCLKFreq                      0x08000c29   Thumb Code     6  stm32l4xx_hal_rcc.o(i.HAL_RCC_GetHCLKFreq)
    HAL_RCC_GetPCLK1Freq                     0x08000c35   Thumb Code    24  stm32l4xx_hal_rcc.o(i.HAL_RCC_GetPCLK1Freq)
    HAL_RCC_GetPCLK2Freq                     0x08000c59   Thumb Code    24  stm32l4xx_hal_rcc.o(i.HAL_RCC_GetPCLK2Freq)
    HAL_RCC_GetSysClockFreq                  0x08000c7d   Thumb Code   152  stm32l4xx_hal_rcc.o(i.HAL_RCC_GetSysClockFreq)
    HAL_RCC_OscConfig                        0x08000d21   Thumb Code  1306  stm32l4xx_hal_rcc.o(i.HAL_RCC_OscConfig)
    HAL_SYSTICK_CLKSourceConfig              0x08001241   Thumb Code    24  stm32l4xx_hal_cortex.o(i.HAL_SYSTICK_CLKSourceConfig)
    HAL_SYSTICK_Config                       0x08001259   Thumb Code    40  stm32l4xx_hal_cortex.o(i.HAL_SYSTICK_Config)
    HAL_TIMEx_Break2Callback                 0x08001281   Thumb Code     2  stm32l4xx_hal_tim_ex.o(i.HAL_TIMEx_Break2Callback)
    HAL_TIMEx_BreakCallback                  0x08001283   Thumb Code     2  stm32l4xx_hal_tim_ex.o(i.HAL_TIMEx_BreakCallback)
    HAL_TIMEx_CommutationCallback            0x08001285   Thumb Code     2  stm32l4xx_hal_tim_ex.o(i.HAL_TIMEx_CommutationCallback)
    HAL_TIM_Base_Init                        0x08001287   Thumb Code    54  stm32l4xx_hal_tim.o(i.HAL_TIM_Base_Init)
    HAL_TIM_Base_MspInit                     0x080012bd   Thumb Code     2  stm32l4xx_hal_tim.o(i.HAL_TIM_Base_MspInit)
    HAL_TIM_Base_Start_IT                    0x080012c1   Thumb Code    44  stm32l4xx_hal_tim.o(i.HAL_TIM_Base_Start_IT)
    HAL_TIM_IC_CaptureCallback               0x080012f1   Thumb Code     2  stm32l4xx_hal_tim.o(i.HAL_TIM_IC_CaptureCallback)
    HAL_TIM_IRQHandler                       0x080012f3   Thumb Code   388  stm32l4xx_hal_tim.o(i.HAL_TIM_IRQHandler)
    HAL_TIM_OC_DelayElapsedCallback          0x08001477   Thumb Code     2  stm32l4xx_hal_tim.o(i.HAL_TIM_OC_DelayElapsedCallback)
    HAL_TIM_PWM_PulseFinishedCallback        0x08001479   Thumb Code     2  stm32l4xx_hal_tim.o(i.HAL_TIM_PWM_PulseFinishedCallback)
    HAL_TIM_PeriodElapsedCallback            0x0800147d   Thumb Code    14  main.o(i.HAL_TIM_PeriodElapsedCallback)
    HAL_TIM_TriggerCallback                  0x08001491   Thumb Code     2  stm32l4xx_hal_tim.o(i.HAL_TIM_TriggerCallback)
    HAL_UARTEx_WakeupCallback                0x08001493   Thumb Code     2  stm32l4xx_hal_uart_ex.o(i.HAL_UARTEx_WakeupCallback)
    HAL_UART_ErrorCallback                   0x08001495   Thumb Code     2  stm32l4xx_hal_uart.o(i.HAL_UART_ErrorCallback)
    HAL_UART_IRQHandler                      0x08001499   Thumb Code   320  stm32l4xx_hal_uart.o(i.HAL_UART_IRQHandler)
    HAL_UART_Init                            0x080015dd   Thumb Code   106  stm32l4xx_hal_uart.o(i.HAL_UART_Init)
    HAL_UART_MspInit                         0x08001649   Thumb Code   122  stm32l4xx_hal_msp.o(i.HAL_UART_MspInit)
    HAL_UART_Receive                         0x080016d1   Thumb Code   228  stm32l4xx_hal_uart.o(i.HAL_UART_Receive)
    HAL_UART_Transmit                        0x080017bb   Thumb Code   176  stm32l4xx_hal_uart.o(i.HAL_UART_Transmit)
    HAL_UART_TxCpltCallback                  0x0800186b   Thumb Code     2  stm32l4xx_hal_uart.o(i.HAL_UART_TxCpltCallback)
    HardFault_Handler                        0x0800186d   Thumb Code     2  stm32l4xx_it.o(i.HardFault_Handler)
    MemManage_Handler                        0x080018e1   Thumb Code     2  stm32l4xx_it.o(i.MemManage_Handler)
    NMI_Handler                              0x080018e3   Thumb Code     2  stm32l4xx_it.o(i.NMI_Handler)
    SysTick_Handler                          0x08001981   Thumb Code     4  stm32l4xx_it.o(i.SysTick_Handler)
    SystemClock_Config                       0x08001985   Thumb Code   122  main.o(i.SystemClock_Config)
    SystemInit                               0x08001a01   Thumb Code    56  system_stm32l4xx.o(i.SystemInit)
    TIM1_UP_TIM16_IRQHandler                 0x08001a45   Thumb Code     6  stm32l4xx_it.o(i.TIM1_UP_TIM16_IRQHandler)
    TIM_Base_SetConfig                       0x08001a51   Thumb Code    94  stm32l4xx_hal_tim.o(i.TIM_Base_SetConfig)
    Thread1                                  0x08001abd   Thumb Code    16  main.o(i.Thread1)
    Thread2                                  0x08001acd   Thumb Code    16  main.o(i.Thread2)
    UART_AdvFeatureConfig                    0x08001add   Thumb Code   200  stm32l4xx_hal_uart.o(i.UART_AdvFeatureConfig)
    UART_CheckIdleState                      0x08001ba5   Thumb Code    92  stm32l4xx_hal_uart.o(i.UART_CheckIdleState)
    UART_SetConfig                           0x08001c35   Thumb Code   554  stm32l4xx_hal_uart.o(i.UART_SetConfig)
    UART_WaitOnFlagUntilTimeout              0x08001e89   Thumb Code   100  stm32l4xx_hal_uart.o(i.UART_WaitOnFlagUntilTimeout)
    USART1_IRQHandler                        0x08001eed   Thumb Code     6  stm32l4xx_it.o(i.USART1_IRQHandler)
    UsageFault_Handler                       0x08001ef9   Thumb Code     2  stm32l4xx_it.o(i.UsageFault_Handler)
    __scatterload_copy                       0x08001efb   Thumb Code    14  handlers.o(i.__scatterload_copy)
    __scatterload_null                       0x08001f09   Thumb Code     2  handlers.o(i.__scatterload_null)
    __scatterload_zeroinit                   0x08001f0b   Thumb Code    14  handlers.o(i.__scatterload_zeroinit)
    gprs                                     0x08001f19   Thumb Code  1394  main.o(i.gprs)
    loop                                     0x08002495   Thumb Code   192  main.o(i.loop)
    main                                     0x080025a9   Thumb Code   164  main.o(i.main)
    osDelay                                  0x0800266d   Thumb Code    14  cmsis_os.o(i.osDelay)
    osKernelStart                            0x0800267b   Thumb Code    10  cmsis_os.o(i.osKernelStart)
    osMutexCreate                            0x08002685   Thumb Code     6  cmsis_os.o(i.osMutexCreate)
    osSystickHandler                         0x0800268b   Thumb Code    20  cmsis_os.o(i.osSystickHandler)
    osThreadCreate                           0x0800269f   Thumb Code    46  cmsis_os.o(i.osThreadCreate)
    pvPortMalloc                             0x08002ae1   Thumb Code   210  heap_4.o(i.pvPortMalloc)
    pvTaskIncrementMutexHeldCount            0x08002bb9   Thumb Code    18  tasks.o(i.pvTaskIncrementMutexHeldCount)
    pxPortInitialiseStack                    0x08002bd1   Thumb Code    40  port.o(i.pxPortInitialiseStack)
    setup                                    0x08002bfd   Thumb Code   350  main.o(i.setup)
    updateSerial                             0x08002dd5   Thumb Code   116  main.o(i.updateSerial)
    uxListRemove                             0x08002e5d   Thumb Code    38  list.o(i.uxListRemove)
    vListInitialise                          0x08002e83   Thumb Code    22  list.o(i.vListInitialise)
    vListInitialiseItem                      0x08002e99   Thumb Code     6  list.o(i.vListInitialiseItem)
    vListInsert                              0x08002e9f   Thumb Code    48  list.o(i.vListInsert)
    vListInsertEnd                           0x08002ecf   Thumb Code    24  list.o(i.vListInsertEnd)
    vPortEnterCritical                       0x08002ee9   Thumb Code    54  port.o(i.vPortEnterCritical)
    vPortExitCritical                        0x08002f29   Thumb Code    34  port.o(i.vPortExitCritical)
    vPortFree                                0x08002f51   Thumb Code    88  heap_4.o(i.vPortFree)
    vPortSetupTimerInterrupt                 0x08002fad   Thumb Code    32  port.o(i.vPortSetupTimerInterrupt)
    vTaskDelay                               0x08002fd1   Thumb Code    66  tasks.o(i.vTaskDelay)
    vTaskInternalSetTimeOutState             0x0800301d   Thumb Code    12  tasks.o(i.vTaskInternalSetTimeOutState)
    vTaskMissedYield                         0x0800302d   Thumb Code     8  tasks.o(i.vTaskMissedYield)
    vTaskPlaceOnEventList                    0x08003039   Thumb Code    44  tasks.o(i.vTaskPlaceOnEventList)
    vTaskPriorityDisinheritAfterTimeout      0x08003069   Thumb Code   160  tasks.o(i.vTaskPriorityDisinheritAfterTimeout)
    vTaskStartScheduler                      0x08003111   Thumb Code    86  tasks.o(i.vTaskStartScheduler)
    vTaskSuspendAll                          0x08003179   Thumb Code    10  tasks.o(i.vTaskSuspendAll)
    vTaskSwitchContext                       0x08003189   Thumb Code    82  tasks.o(i.vTaskSwitchContext)
    xPortStartScheduler                      0x080031e5   Thumb Code   222  port.o(i.xPortStartScheduler)
    xPortSysTickHandler                      0x080032d9   Thumb Code    38  port.o(i.xPortSysTickHandler)
    xQueueCreateMutex                        0x08003305   Thumb Code    36  queue.o(i.xQueueCreateMutex)
    xQueueGenericCreate                      0x08003329   Thumb Code    72  queue.o(i.xQueueGenericCreate)
    xQueueGenericReset                       0x08003371   Thumb Code   132  queue.o(i.xQueueGenericReset)
    xQueueGenericSend                        0x080033f9   Thumb Code   346  queue.o(i.xQueueGenericSend)
    xQueueSemaphoreTake                      0x08003559   Thumb Code   372  queue.o(i.xQueueSemaphoreTake)
    xTaskCheckForTimeOut                     0x080036d1   Thumb Code   112  tasks.o(i.xTaskCheckForTimeOut)
    xTaskCreate                              0x08003745   Thumb Code    86  tasks.o(i.xTaskCreate)
    xTaskGetSchedulerState                   0x080037a1   Thumb Code    22  tasks.o(i.xTaskGetSchedulerState)
    xTaskIncrementTick                       0x080037bd   Thumb Code   192  tasks.o(i.xTaskIncrementTick)
    xTaskPriorityDisinherit                  0x08003885   Thumb Code   144  tasks.o(i.xTaskPriorityDisinherit)
    xTaskPriorityInherit                     0x0800391d   Thumb Code   138  tasks.o(i.xTaskPriorityInherit)
    xTaskRemoveFromEventList                 0x080039b1   Thumb Code   108  tasks.o(i.xTaskRemoveFromEventList)
    xTaskResumeAll                           0x08003a25   Thumb Code   182  tasks.o(i.xTaskResumeAll)
    AT                                       0x08003ae8   Data           5  main.o(.constdata)
    COPS                                     0x08003aed   Data          11  main.o(.constdata)
    SAPBR3_1                                 0x08003af8   Data          32  main.o(.constdata)
    APN                                      0x08003b18   Data          32  main.o(.constdata)
    USER                                     0x08003b38   Data          32  main.o(.constdata)
    PWD                                      0x08003b58   Data          31  main.o(.constdata)
    SAPBR1_1                                 0x08003b77   Data          15  main.o(.constdata)
    SAPBR0_1                                 0x08003b86   Data          15  main.o(.constdata)
    SAPBR2_1                                 0x08003b95   Data          15  main.o(.constdata)
    HTTPINIT                                 0x08003ba4   Data          14  main.o(.constdata)
    HTTPPARACID                              0x08003bb2   Data          22  main.o(.constdata)
    HTTPACTION                               0x08003bc8   Data          18  main.o(.constdata)
    HTTPREAD                                 0x08003bda   Data          14  main.o(.constdata)
    HTTPTERM                                 0x08003be8   Data          14  main.o(.constdata)
    AHBPrescTable                            0x08003c34   Data          16  system_stm32l4xx.o(.constdata)
    MSIRangeTable                            0x08003c44   Data          48  system_stm32l4xx.o(.constdata)
    APBPrescTable                            0x08003c74   Data           8  system_stm32l4xx.o(.constdata)
    Region$$Table$$Base                      0x08003cf0   Number         0  anon$$obj.o(Region$$Table)
    Region$$Table$$Limit                     0x08003d10   Number         0  anon$$obj.o(Region$$Table)
    OK_reply                                 0x20000000   Data           4  main.o(.data)
    defaultTaskHandle                        0x20000004   Data           4  main.o(.data)
    myTask02Handle                           0x20000008   Data           4  main.o(.data)
    uartMutexHandle                          0x2000000c   Data           4  main.o(.data)
    state                                    0x20000010   Data           4  main.o(.data)
    timegps                                  0x20000014   Data           4  main.o(.data)
    latitude                                 0x20000018   Data           4  main.o(.data)
    longitude                                0x2000001c   Data           4  main.o(.data)
    OK_REPLY                                 0x20000020   Data           4  main.o(.data)
    uwTick                                   0x20000024   Data           4  stm32l4xx_hal.o(.data)
    SystemCoreClock                          0x20000028   Data           4  system_stm32l4xx.o(.data)
    pxCurrentTCB                             0x20000050   Data           4  tasks.o(.data)
    __stdin                                  0x2000008c   Data           4  stdin.o(.data)
    huart1                                   0x20000094   Data         120  main.o(.bss)
    huart2                                   0x2000010c   Data         120  main.o(.bss)
    buffer                                   0x20000184   Data         300  main.o(.bss)
    reply                                    0x200002b0   Data         300  main.o(.bss)
    data                                     0x200003dc   Data         200  main.o(.bss)
    str                                      0x200004a4   Data          90  main.o(.bss)
    htim16                                   0x20000500   Data          64  stm32l4xx_hal_timebase_tim.o(.bss)
    __initial_sp                             0x200015e8   Data           0  startup_stm32l412xx.o(STACK)



==============================================================================

Memory Map of the image

  Image Entry point : 0x0800018d

  Load Region LR_IROM1 (Base: 0x08000000, Size: 0x00003da4, Max: 0x00020000, ABSOLUTE)

    Execution Region ER_IROM1 (Exec base: 0x08000000, Load base: 0x08000000, Size: 0x00003d10, Max: 0x00020000, ABSOLUTE)

    Exec Addr    Load Addr    Size         Type   Attr      Idx    E Section Name        Object

    0x08000000   0x08000000   0x0000018c   Data   RO            3    RESET               startup_stm32l412xx.o
    0x0800018c   0x0800018c   0x00000000   Code   RO         4863  * .ARM.Collect$$$$00000000  mc_w.l(entry.o)
    0x0800018c   0x0800018c   0x00000004   Code   RO         4895    .ARM.Collect$$$$00000001  mc_w.l(entry2.o)
    0x08000190   0x08000190   0x00000004   Code   RO         4898    .ARM.Collect$$$$00000004  mc_w.l(entry5.o)
    0x08000194   0x08000194   0x00000000   Code   RO         4900    .ARM.Collect$$$$00000008  mc_w.l(entry7b.o)
    0x08000194   0x08000194   0x00000000   Code   RO         4902    .ARM.Collect$$$$0000000A  mc_w.l(entry8b.o)
    0x08000194   0x08000194   0x00000008   Code   RO         4903    .ARM.Collect$$$$0000000B  mc_w.l(entry9a.o)
    0x0800019c   0x0800019c   0x00000000   Code   RO         4905    .ARM.Collect$$$$0000000D  mc_w.l(entry10a.o)
    0x0800019c   0x0800019c   0x00000000   Code   RO         4907    .ARM.Collect$$$$0000000F  mc_w.l(entry11a.o)
    0x0800019c   0x0800019c   0x00000004   Code   RO         4896    .ARM.Collect$$$$00002712  mc_w.l(entry2.o)
    0x080001a0   0x080001a0   0x000000de   Code   RO         3710    .emb_text           port.o
    0x0800027e   0x0800027e   0x00000002   PAD
    0x08000280   0x08000280   0x00000024   Code   RO            4    .text               startup_stm32l412xx.o
    0x080002a4   0x080002a4   0x00000068   Code   RO         4869    .text               mc_w.l(uldiv.o)
    0x0800030c   0x0800030c   0x00000024   Code   RO         4871    .text               mc_w.l(memcpya.o)
    0x08000330   0x08000330   0x00000024   Code   RO         4875    .text               mc_w.l(memseta.o)
    0x08000354   0x08000354   0x00000018   Code   RO         4877    .text               mc_w.l(strcat.o)
    0x0800036c   0x0800036c   0x00000024   Code   RO         4879    .text               mc_w.l(strstr.o)
    0x08000390   0x08000390   0x00000012   Code   RO         4883    .text               mc_w.l(strcpy.o)
    0x080003a2   0x080003a2   0x0000001e   Code   RO         4885    .text               mc_w.l(strncmp.o)
    0x080003c0   0x080003c0   0x00000044   Code   RO         4887    .text               mc_w.l(strtok.o)
    0x08000404   0x08000404   0x0000001e   Code   RO         4909    .text               mc_w.l(llshl.o)
    0x08000422   0x08000422   0x00000020   Code   RO         4911    .text               mc_w.l(llushr.o)
    0x08000442   0x08000442   0x00000002   PAD
    0x08000444   0x08000444   0x00000024   Code   RO         4913    .text               mc_w.l(init.o)
    0x08000468   0x08000468   0x00000002   Code   RO          302    i.BusFault_Handler  stm32l4xx_it.o
    0x0800046a   0x0800046a   0x00000002   PAD
    0x0800046c   0x0800046c   0x00000040   Code   RO           13    i.Check_OK          main.o
    0x080004ac   0x080004ac   0x00000002   Code   RO          303    i.DebugMon_Handler  stm32l4xx_it.o
    0x080004ae   0x080004ae   0x00000002   Code   RO          304    i.FPU_IRQHandler    stm32l4xx_it.o
    0x080004b0   0x080004b0   0x0000004e   Code   RO         3005    i.HAL_DMA_Abort_IT  stm32l4xx_hal_dma.o
    0x080004fe   0x080004fe   0x0000001c   Code   RO         1787    i.HAL_Delay         stm32l4xx_hal.o
    0x0800051a   0x0800051a   0x00000002   PAD
    0x0800051c   0x0800051c   0x00000186   Code   RO         2940    i.HAL_GPIO_Init     stm32l4xx_hal_gpio.o
    0x080006a2   0x080006a2   0x0000000a   Code   RO         2944    i.HAL_GPIO_WritePin  stm32l4xx_hal_gpio.o
    0x080006ac   0x080006ac   0x0000000c   Code   RO         1791    i.HAL_GetTick       stm32l4xx_hal.o
    0x080006b8   0x080006b8   0x00000010   Code   RO         1795    i.HAL_IncTick       stm32l4xx_hal.o
    0x080006c8   0x080006c8   0x0000001e   Code   RO         1796    i.HAL_Init          stm32l4xx_hal.o
    0x080006e6   0x080006e6   0x00000002   PAD
    0x080006e8   0x080006e8   0x00000074   Code   RO          420    i.HAL_InitTick      stm32l4xx_hal_timebase_tim.o
    0x0800075c   0x0800075c   0x00000090   Code   RO          384    i.HAL_MspInit       stm32l4xx_hal_msp.o
    0x080007ec   0x080007ec   0x00000016   Code   RO         3475    i.HAL_NVIC_EnableIRQ  stm32l4xx_hal_cortex.o
    0x08000802   0x08000802   0x00000002   PAD
    0x08000804   0x08000804   0x00000040   Code   RO         3481    i.HAL_NVIC_SetPriority  stm32l4xx_hal_cortex.o
    0x08000844   0x08000844   0x00000024   Code   RO         3482    i.HAL_NVIC_SetPriorityGrouping  stm32l4xx_hal_cortex.o
    0x08000868   0x08000868   0x00000068   Code   RO         3231    i.HAL_PWREx_ControlVoltageScaling  stm32l4xx_hal_pwr_ex.o
    0x080008d0   0x080008d0   0x00000010   Code   RO         3262    i.HAL_PWREx_GetVoltageRange  stm32l4xx_hal_pwr_ex.o
    0x080008e0   0x080008e0   0x000001f0   Code   RO         2598    i.HAL_RCCEx_PeriphCLKConfig  stm32l4xx_hal_rcc_ex.o
    0x08000ad0   0x08000ad0   0x00000118   Code   RO         2478    i.HAL_RCC_ClockConfig  stm32l4xx_hal_rcc.o
    0x08000be8   0x08000be8   0x00000040   Code   RO         2481    i.HAL_RCC_GetClockConfig  stm32l4xx_hal_rcc.o
    0x08000c28   0x08000c28   0x0000000c   Code   RO         2482    i.HAL_RCC_GetHCLKFreq  stm32l4xx_hal_rcc.o
    0x08000c34   0x08000c34   0x00000024   Code   RO         2484    i.HAL_RCC_GetPCLK1Freq  stm32l4xx_hal_rcc.o
    0x08000c58   0x08000c58   0x00000024   Code   RO         2485    i.HAL_RCC_GetPCLK2Freq  stm32l4xx_hal_rcc.o
    0x08000c7c   0x08000c7c   0x000000a4   Code   RO         2486    i.HAL_RCC_GetSysClockFreq  stm32l4xx_hal_rcc.o
    0x08000d20   0x08000d20   0x00000520   Code   RO         2489    i.HAL_RCC_OscConfig  stm32l4xx_hal_rcc.o
    0x08001240   0x08001240   0x00000018   Code   RO         3484    i.HAL_SYSTICK_CLKSourceConfig  stm32l4xx_hal_cortex.o
    0x08001258   0x08001258   0x00000028   Code   RO         3486    i.HAL_SYSTICK_Config  stm32l4xx_hal_cortex.o
    0x08001280   0x08001280   0x00000002   Code   RO         1101    i.HAL_TIMEx_Break2Callback  stm32l4xx_hal_tim_ex.o
    0x08001282   0x08001282   0x00000002   Code   RO         1102    i.HAL_TIMEx_BreakCallback  stm32l4xx_hal_tim_ex.o
    0x08001284   0x08001284   0x00000002   Code   RO         1103    i.HAL_TIMEx_CommutationCallback  stm32l4xx_hal_tim_ex.o
    0x08001286   0x08001286   0x00000036   Code   RO          462    i.HAL_TIM_Base_Init  stm32l4xx_hal_tim.o
    0x080012bc   0x080012bc   0x00000002   Code   RO          464    i.HAL_TIM_Base_MspInit  stm32l4xx_hal_tim.o
    0x080012be   0x080012be   0x00000002   PAD
    0x080012c0   0x080012c0   0x00000030   Code   RO          467    i.HAL_TIM_Base_Start_IT  stm32l4xx_hal_tim.o
    0x080012f0   0x080012f0   0x00000002   Code   RO          491    i.HAL_TIM_IC_CaptureCallback  stm32l4xx_hal_tim.o
    0x080012f2   0x080012f2   0x00000184   Code   RO          504    i.HAL_TIM_IRQHandler  stm32l4xx_hal_tim.o
    0x08001476   0x08001476   0x00000002   Code   RO          507    i.HAL_TIM_OC_DelayElapsedCallback  stm32l4xx_hal_tim.o
    0x08001478   0x08001478   0x00000002   Code   RO          534    i.HAL_TIM_PWM_PulseFinishedCallback  stm32l4xx_hal_tim.o
    0x0800147a   0x0800147a   0x00000002   PAD
    0x0800147c   0x0800147c   0x00000014   Code   RO           14    i.HAL_TIM_PeriodElapsedCallback  main.o
    0x08001490   0x08001490   0x00000002   Code   RO          545    i.HAL_TIM_TriggerCallback  stm32l4xx_hal_tim.o
    0x08001492   0x08001492   0x00000002   Code   RO         1721    i.HAL_UARTEx_WakeupCallback  stm32l4xx_hal_uart_ex.o
    0x08001494   0x08001494   0x00000002   Code   RO         1380    i.HAL_UART_ErrorCallback  stm32l4xx_hal_uart.o
    0x08001496   0x08001496   0x00000002   PAD
    0x08001498   0x08001498   0x00000144   Code   RO         1383    i.HAL_UART_IRQHandler  stm32l4xx_hal_uart.o
    0x080015dc   0x080015dc   0x0000006a   Code   RO         1384    i.HAL_UART_Init     stm32l4xx_hal_uart.o
    0x08001646   0x08001646   0x00000002   PAD
    0x08001648   0x08001648   0x00000088   Code   RO          386    i.HAL_UART_MspInit  stm32l4xx_hal_msp.o
    0x080016d0   0x080016d0   0x000000ea   Code   RO         1387    i.HAL_UART_Receive  stm32l4xx_hal_uart.o
    0x080017ba   0x080017ba   0x000000b0   Code   RO         1392    i.HAL_UART_Transmit  stm32l4xx_hal_uart.o
    0x0800186a   0x0800186a   0x00000002   Code   RO         1395    i.HAL_UART_TxCpltCallback  stm32l4xx_hal_uart.o
    0x0800186c   0x0800186c   0x00000002   Code   RO          305    i.HardFault_Handler  stm32l4xx_it.o
    0x0800186e   0x0800186e   0x00000002   PAD
    0x08001870   0x08001870   0x00000038   Code   RO           15    i.MX_USART1_UART_Init  main.o
    0x080018a8   0x080018a8   0x00000038   Code   RO           16    i.MX_USART2_UART_Init  main.o
    0x080018e0   0x080018e0   0x00000002   Code   RO          306    i.MemManage_Handler  stm32l4xx_it.o
    0x080018e2   0x080018e2   0x00000002   Code   RO          307    i.NMI_Handler       stm32l4xx_it.o
    0x080018e4   0x080018e4   0x00000020   Code   RO         3488    i.NVIC_SetPriority  stm32l4xx_hal_cortex.o
    0x08001904   0x08001904   0x0000007c   Code   RO         2490    i.RCC_SetFlashLatencyFromMSIRange  stm32l4xx_hal_rcc.o
    0x08001980   0x08001980   0x00000004   Code   RO          308    i.SysTick_Handler   stm32l4xx_it.o
    0x08001984   0x08001984   0x0000007a   Code   RO           17    i.SystemClock_Config  main.o
    0x080019fe   0x080019fe   0x00000002   PAD
    0x08001a00   0x08001a00   0x00000044   Code   RO         3606    i.SystemInit        system_stm32l4xx.o
    0x08001a44   0x08001a44   0x0000000c   Code   RO          309    i.TIM1_UP_TIM16_IRQHandler  stm32l4xx_it.o
    0x08001a50   0x08001a50   0x0000006c   Code   RO          546    i.TIM_Base_SetConfig  stm32l4xx_hal_tim.o
    0x08001abc   0x08001abc   0x00000010   Code   RO           18    i.Thread1           main.o
    0x08001acc   0x08001acc   0x00000010   Code   RO           19    i.Thread2           main.o
    0x08001adc   0x08001adc   0x000000c8   Code   RO         1397    i.UART_AdvFeatureConfig  stm32l4xx_hal_uart.o
    0x08001ba4   0x08001ba4   0x0000005c   Code   RO         1398    i.UART_CheckIdleState  stm32l4xx_hal_uart.o
    0x08001c00   0x08001c00   0x00000014   Code   RO         1399    i.UART_DMAAbortOnError  stm32l4xx_hal_uart.o
    0x08001c14   0x08001c14   0x00000020   Code   RO         1409    i.UART_EndRxTransfer  stm32l4xx_hal_uart.o
    0x08001c34   0x08001c34   0x00000254   Code   RO         1413    i.UART_SetConfig    stm32l4xx_hal_uart.o
    0x08001e88   0x08001e88   0x00000064   Code   RO         1416    i.UART_WaitOnFlagUntilTimeout  stm32l4xx_hal_uart.o
    0x08001eec   0x08001eec   0x0000000c   Code   RO          310    i.USART1_IRQHandler  stm32l4xx_it.o
    0x08001ef8   0x08001ef8   0x00000002   Code   RO          311    i.UsageFault_Handler  stm32l4xx_it.o
    0x08001efa   0x08001efa   0x0000000e   Code   RO         4917    i.__scatterload_copy  mc_w.l(handlers.o)
    0x08001f08   0x08001f08   0x00000002   Code   RO         4918    i.__scatterload_null  mc_w.l(handlers.o)
    0x08001f0a   0x08001f0a   0x0000000e   Code   RO         4919    i.__scatterload_zeroinit  mc_w.l(handlers.o)
    0x08001f18   0x08001f18   0x0000057c   Code   RO           21    i.gprs              main.o
    0x08002494   0x08002494   0x00000114   Code   RO           22    i.loop              main.o
    0x080025a8   0x080025a8   0x000000b8   Code   RO           23    i.main              main.o
    0x08002660   0x08002660   0x0000000c   Code   RO         4499    i.makeFreeRtosPriority  cmsis_os.o
    0x0800266c   0x0800266c   0x0000000e   Code   RO         4501    i.osDelay           cmsis_os.o
    0x0800267a   0x0800267a   0x0000000a   Code   RO         4504    i.osKernelStart     cmsis_os.o
    0x08002684   0x08002684   0x00000006   Code   RO         4519    i.osMutexCreate     cmsis_os.o
    0x0800268a   0x0800268a   0x00000014   Code   RO         4537    i.osSystickHandler  cmsis_os.o
    0x0800269e   0x0800269e   0x0000002e   Code   RO         4538    i.osThreadCreate    cmsis_os.o
    0x080026cc   0x080026cc   0x00000070   Code   RO         4203    i.prvAddCurrentTaskToDelayedList  tasks.o
    0x0800273c   0x0800273c   0x000000d0   Code   RO         4204    i.prvAddNewTaskToReadyList  tasks.o
    0x0800280c   0x0800280c   0x0000006c   Code   RO         3917    i.prvCopyDataToQueue  queue.o
    0x08002878   0x08002878   0x00000014   Code   RO         4205    i.prvDeleteTCB      tasks.o
    0x0800288c   0x0800288c   0x00000048   Code   RO         3640    i.prvHeapInit       heap_4.o
    0x080028d4   0x080028d4   0x00000060   Code   RO         4206    i.prvIdleTask       tasks.o
    0x08002934   0x08002934   0x0000008e   Code   RO         4207    i.prvInitialiseNewTask  tasks.o
    0x080029c2   0x080029c2   0x00000002   PAD
    0x080029c4   0x080029c4   0x0000004c   Code   RO         3641    i.prvInsertBlockIntoFreeList  heap_4.o
    0x08002a10   0x08002a10   0x0000001c   Code   RO         3918    i.prvIsQueueEmpty   queue.o
    0x08002a2c   0x08002a2c   0x00000020   Code   RO         4208    i.prvResetNextTaskUnblockTime  tasks.o
    0x08002a4c   0x08002a4c   0x00000028   Code   RO         3711    i.prvTaskExitError  port.o
    0x08002a74   0x08002a74   0x0000006a   Code   RO         3919    i.prvUnlockQueue    queue.o
    0x08002ade   0x08002ade   0x00000002   PAD
    0x08002ae0   0x08002ae0   0x000000d8   Code   RO         3642    i.pvPortMalloc      heap_4.o
    0x08002bb8   0x08002bb8   0x00000018   Code   RO         4210    i.pvTaskIncrementMutexHeldCount  tasks.o
    0x08002bd0   0x08002bd0   0x0000002c   Code   RO         3712    i.pxPortInitialiseStack  port.o
    0x08002bfc   0x08002bfc   0x000001d8   Code   RO           25    i.setup             main.o
    0x08002dd4   0x08002dd4   0x00000088   Code   RO           26    i.updateSerial      main.o
    0x08002e5c   0x08002e5c   0x00000026   Code   RO         3876    i.uxListRemove      list.o
    0x08002e82   0x08002e82   0x00000016   Code   RO         3877    i.vListInitialise   list.o
    0x08002e98   0x08002e98   0x00000006   Code   RO         3878    i.vListInitialiseItem  list.o
    0x08002e9e   0x08002e9e   0x00000030   Code   RO         3879    i.vListInsert       list.o
    0x08002ece   0x08002ece   0x00000018   Code   RO         3880    i.vListInsertEnd    list.o
    0x08002ee6   0x08002ee6   0x00000002   PAD
    0x08002ee8   0x08002ee8   0x00000040   Code   RO         3714    i.vPortEnterCritical  port.o
    0x08002f28   0x08002f28   0x00000028   Code   RO         3715    i.vPortExitCritical  port.o
    0x08002f50   0x08002f50   0x0000005c   Code   RO         3643    i.vPortFree         heap_4.o
    0x08002fac   0x08002fac   0x00000024   Code   RO         3716    i.vPortSetupTimerInterrupt  port.o
    0x08002fd0   0x08002fd0   0x0000004c   Code   RO         4216    i.vTaskDelay        tasks.o
    0x0800301c   0x0800301c   0x00000010   Code   RO         4219    i.vTaskInternalSetTimeOutState  tasks.o
    0x0800302c   0x0800302c   0x0000000c   Code   RO         4220    i.vTaskMissedYield  tasks.o
    0x08003038   0x08003038   0x00000030   Code   RO         4222    i.vTaskPlaceOnEventList  tasks.o
    0x08003068   0x08003068   0x000000a8   Code   RO         4224    i.vTaskPriorityDisinheritAfterTimeout  tasks.o
    0x08003110   0x08003110   0x00000068   Code   RO         4229    i.vTaskStartScheduler  tasks.o
    0x08003178   0x08003178   0x00000010   Code   RO         4231    i.vTaskSuspendAll   tasks.o
    0x08003188   0x08003188   0x0000005c   Code   RO         4232    i.vTaskSwitchContext  tasks.o
    0x080031e4   0x080031e4   0x000000f4   Code   RO         3718    i.xPortStartScheduler  port.o
    0x080032d8   0x080032d8   0x0000002c   Code   RO         3719    i.xPortSysTickHandler  port.o
    0x08003304   0x08003304   0x00000024   Code   RO         3926    i.xQueueCreateMutex  queue.o
    0x08003328   0x08003328   0x00000048   Code   RO         3927    i.xQueueGenericCreate  queue.o
    0x08003370   0x08003370   0x00000088   Code   RO         3928    i.xQueueGenericReset  queue.o
    0x080033f8   0x080033f8   0x00000160   Code   RO         3929    i.xQueueGenericSend  queue.o
    0x08003558   0x08003558   0x00000178   Code   RO         3938    i.xQueueSemaphoreTake  queue.o
    0x080036d0   0x080036d0   0x00000074   Code   RO         4233    i.xTaskCheckForTimeOut  tasks.o
    0x08003744   0x08003744   0x0000005c   Code   RO         4234    i.xTaskCreate       tasks.o
    0x080037a0   0x080037a0   0x0000001c   Code   RO         4238    i.xTaskGetSchedulerState  tasks.o
    0x080037bc   0x080037bc   0x000000c8   Code   RO         4241    i.xTaskIncrementTick  tasks.o
    0x08003884   0x08003884   0x00000098   Code   RO         4244    i.xTaskPriorityDisinherit  tasks.o
    0x0800391c   0x0800391c   0x00000094   Code   RO         4245    i.xTaskPriorityInherit  tasks.o
    0x080039b0   0x080039b0   0x00000074   Code   RO         4246    i.xTaskRemoveFromEventList  tasks.o
    0x08003a24   0x08003a24   0x000000c4   Code   RO         4247    i.xTaskResumeAll    tasks.o
    0x08003ae8   0x08003ae8   0x0000014c   Data   RO           33    .constdata          main.o
    0x08003c34   0x08003c34   0x00000040   Data   RO         3607    .constdata          system_stm32l4xx.o
    0x08003c74   0x08003c74   0x00000008   Data   RO         3608    .constdata          system_stm32l4xx.o
    0x08003c7c   0x08003c7c   0x00000071   Data   RO           37    .conststring        main.o
    0x08003ced   0x08003ced   0x00000003   PAD
    0x08003cf0   0x08003cf0   0x00000020   Data   RO         4915    Region$$Table       anon$$obj.o


    Execution Region RW_IRAM1 (Exec base: 0x20000000, Load base: 0x08003d10, Size: 0x000015e8, Max: 0x0000a000, ABSOLUTE)

    Exec Addr    Load Addr    Size         Type   Attr      Idx    E Section Name        Object

    0x20000000   0x08003d10   0x00000024   Data   RW           38    .data               main.o
    0x20000024   0x08003d34   0x00000004   Data   RW         1807    .data               stm32l4xx_hal.o
    0x20000028   0x08003d38   0x00000004   Data   RW         3609    .data               system_stm32l4xx.o
    0x2000002c   0x08003d3c   0x00000018   Data   RW         3648    .data               heap_4.o
    0x20000044   0x08003d54   0x0000000c   Data   RW         3720    .data               port.o
    0x20000050   0x08003d60   0x0000003c   Data   RW         4250    .data               tasks.o
    0x2000008c   0x08003d9c   0x00000004   Data   RW         4868    .data               mc_w.l(stdin.o)
    0x20000090   0x08003da0   0x00000004   Data   RW         4888    .data               mc_w.l(strtok.o)
    0x20000094        -       0x0000046a   Zero   RW           27    .bss                main.o
    0x200004fe   0x08003da4   0x00000002   PAD
    0x20000500        -       0x00000040   Zero   RW          423    .bss                stm32l4xx_hal_timebase_tim.o
    0x20000540        -       0x00000bb8   Zero   RW         3647    .bss                heap_4.o
    0x200010f8        -       0x000000f0   Zero   RW         4249    .bss                tasks.o
    0x200011e8        -       0x00000400   Zero   RW            1    STACK               startup_stm32l412xx.o


==============================================================================

Image component sizes


      Code (inc. data)   RO Data    RW Data    ZI Data      Debug   Object Name

       108          0          0          0          0      13904   cmsis_os.o
         0          0          0          0          0       8040   event_groups.o
       456         22          0         24       3000       8815   heap_4.o
       138          0          0          0          0       3562   list.o
      2822        338        445         36       1130     541238   main.o
       734         72          0         12          0      11116   port.o
      1214         14          0          0          0      11017   queue.o
        36          8        396          0       1024        840   startup_stm32l412xx.o
        86         12          0          4          0       3500   stm32l4xx_hal.o
       218         14          0          0          0      31049   stm32l4xx_hal_cortex.o
        78          0          0          0          0       1091   stm32l4xx_hal_dma.o
       400         26          0          0          0       2416   stm32l4xx_hal_gpio.o
       280         20          0          0          0       1713   stm32l4xx_hal_msp.o
       120         20          0          0          0       1374   stm32l4xx_hal_pwr_ex.o
      2028         98          0          0          0       8261   stm32l4xx_hal_rcc.o
       496         10          0          0          0       1844   stm32l4xx_hal_rcc_ex.o
       608         18          0          0          0       7240   stm32l4xx_hal_tim.o
         6          0          0          0          0       2181   stm32l4xx_hal_tim_ex.o
       116         18          0          0         64       1461   stm32l4xx_hal_timebase_tim.o
      1884         66          0          0          0      11149   stm32l4xx_hal_uart.o
         2          0          0          0          0       1008   stm32l4xx_hal_uart_ex.o
        42         12          0          0          0       4595   stm32l4xx_it.o
        68         12         72          4          0       1229   system_stm32l4xx.o
      2214        172          0         60        240      23255   tasks.o

    ----------------------------------------------------------------------
     14182        952        948        140       5460     701898   Object Totals
         0          0         32          0          0          0   (incl. Generated)
        28          0          3          0          2          0   (incl. Padding)

    ----------------------------------------------------------------------

      Code (inc. data)   RO Data    RW Data    ZI Data      Debug   Library Member Name

         0          0          0          0          0          0   entry.o
         0          0          0          0          0          0   entry10a.o
         0          0          0          0          0          0   entry11a.o
         8          4          0          0          0          0   entry2.o
         4          0          0          0          0          0   entry5.o
         0          0          0          0          0          0   entry7b.o
         0          0          0          0          0          0   entry8b.o
         8          4          0          0          0          0   entry9a.o
        30          0          0          0          0          0   handlers.o
        36          8          0          0          0         68   init.o
        30          0          0          0          0         68   llshl.o
        32          0          0          0          0         68   llushr.o
        36          0          0          0          0         68   memcpya.o
        36          0          0          0          0        108   memseta.o
         0          0          0          4          0          0   stdin.o
        24          0          0          0          0         68   strcat.o
        18          0          0          0          0         68   strcpy.o
        30          0          0          0          0         80   strncmp.o
        36          0          0          0          0         80   strstr.o
        68          6          0          4          0         80   strtok.o
       104          0          0          0          0         92   uldiv.o

    ----------------------------------------------------------------------
       502         22          0          8          0        848   Library Totals
         2          0          0          0          0          0   (incl. Padding)

    ----------------------------------------------------------------------

      Code (inc. data)   RO Data    RW Data    ZI Data      Debug   Library Name

       500         22          0          8          0        848   mc_w.l

    ----------------------------------------------------------------------
       502         22          0          8          0        848   Library Totals

    ----------------------------------------------------------------------

==============================================================================


      Code (inc. data)   RO Data    RW Data    ZI Data      Debug   

     14684        974        948        148       5460     690334   Grand Totals
     14684        974        948        148       5460     690334   ELF Image Totals
     14684        974        948        148          0          0   ROM Totals

==============================================================================

    Total RO  Size (Code + RO Data)                15632 (  15.27kB)
    Total RW  Size (RW Data + ZI Data)              5608 (   5.48kB)
    Total ROM Size (Code + RO Data + RW Data)      15780 (  15.41kB)

==============================================================================

